Archive member included to satisfy reference by file (symbol)

/opt/devkitpro//libnds/lib/libnds9.a(video.o)
                              backgrounds.o (vramSetMainBanks)
/opt/devkitpro//libnds/lib/libnds9.a(touch.o)
                              keypad_screen.o (touchRead)
/opt/devkitpro//libnds/lib/libnds9.a(sprite_alloc.o)
                              sprites.o (oamAllocateGfx)
/opt/devkitpro//libnds/lib/libnds9.a(system.o)
                              main.o (powerOn)
/opt/devkitpro//libnds/lib/libnds9.a(console.o)
                              main.o (consoleDemoInit)
/opt/devkitpro//libnds/lib/libnds9.a(sprite.o)
                              sprites.o (oamInit)
/opt/devkitpro//libnds/lib/libnds9.a(initSystem.o)
                              /opt/devkitpro/devkitARM/bin/../lib/gcc/arm-none-eabi/10.2.0/../../../../arm-none-eabi/lib/thumb/ds_arm9_crt0.o (initSystem)
/opt/devkitpro//libnds/lib/libnds9.a(timeSupport.o)
                              /opt/devkitpro//libnds/lib/libnds9.a(initSystem.o) (__libnds_gtod)
/opt/devkitpro//libnds/lib/libnds9.a(securearea.o)
                              /opt/devkitpro/devkitARM/bin/../lib/gcc/arm-none-eabi/10.2.0/../../../../arm-none-eabi/lib/thumb/ds_arm9_crt0.o (__secure_area__)
/opt/devkitpro//libnds/lib/libnds9.a(interrupts.o)
                              controllers.o (irqSet)
/opt/devkitpro//libnds/lib/libnds9.a(libnds_exit.arm.o)
                              /opt/devkitpro/devkitARM/bin/../lib/gcc/arm-none-eabi/10.2.0/../../../../arm-none-eabi/lib/thumb/ds_arm9_crt0.o (__libnds_exit)
/opt/devkitpro//libnds/lib/libnds9.a(fifosystem.o)
                              /opt/devkitpro//libnds/lib/libnds9.a(initSystem.o) (fifoSetValue32Handler)
/opt/devkitpro//libnds/lib/libnds9.a(dcache.o)
                              /opt/devkitpro//libnds/lib/libnds9.a(sprite.o) (DC_FlushRange)
/opt/devkitpro//libnds/lib/libnds9.a(mpu_setup.o)
                              /opt/devkitpro/devkitARM/bin/../lib/gcc/arm-none-eabi/10.2.0/../../../../arm-none-eabi/lib/thumb/ds_arm9_crt0.o (__libnds_mpu_setup)
/opt/devkitpro//libnds/lib/libnds9.a(IntrWait.o)
                              /opt/devkitpro//libnds/lib/libnds9.a(sprite.o) (swiWaitForVBlank)
/opt/devkitpro//libnds/lib/libnds9.a(cpu_clock.o)
                              /opt/devkitpro//libnds/lib/libnds9.a(initSystem.o) (setCpuClock)
/opt/devkitpro//libnds/lib/libnds9.a(interruptDispatcher.o)
                              /opt/devkitpro//libnds/lib/libnds9.a(interrupts.o) (IntrMain)
/opt/devkitpro//libnds/lib/libnds9.a(debugprint.o)
                              /opt/devkitpro//libnds/lib/libnds9.a(console.o) (nocashWrite)
/opt/devkitpro//libnds/lib/libnds9.a(swiSoftReset.o)
                              /opt/devkitpro//libnds/lib/libnds9.a(fifosystem.o) (swiSoftReset)
/opt/devkitpro//libnds/lib/libnds9.a(biosCalls.o)
                              /opt/devkitpro//libnds/lib/libnds9.a(system.o) (swiDelay)
/opt/devkitpro//libnds/lib/libnds9.a(default_font.bin.o)
                              /opt/devkitpro//libnds/lib/libnds9.a(console.o) (default_font_bin)
/opt/devkitpro//libnds/lib/libnds9.a(background.o)
                              /opt/devkitpro//libnds/lib/libnds9.a(console.o) (bgState)
/opt/devkitpro//libnds/lib/libnds9.a(trig.o)
                              /opt/devkitpro//libnds/lib/libnds9.a(sprite.o) (sinLerp)
/opt/devkitpro/devkitARM/bin/../lib/gcc/arm-none-eabi/10.2.0/thumb/libgcc.a(_divsi3.o)
                              game.o (__aeabi_idivmod)
/opt/devkitpro/devkitARM/bin/../lib/gcc/arm-none-eabi/10.2.0/thumb/libgcc.a(_dvmd_tls.o)
                              /opt/devkitpro/devkitARM/bin/../lib/gcc/arm-none-eabi/10.2.0/thumb/libgcc.a(_divsi3.o) (__aeabi_idiv0)
/opt/devkitpro/devkitARM/bin/../lib/gcc/arm-none-eabi/10.2.0/../../../../arm-none-eabi/lib/thumb/libg.a(lib_a-bsearch.o)
                              /opt/devkitpro//libnds/lib/libnds9.a(trig.o) (bsearch)
/opt/devkitpro/devkitARM/bin/../lib/gcc/arm-none-eabi/10.2.0/../../../../arm-none-eabi/lib/thumb/libg.a(lib_a-init.o)
                              /opt/devkitpro/devkitARM/bin/../lib/gcc/arm-none-eabi/10.2.0/../../../../arm-none-eabi/lib/thumb/ds_arm9_crt0.o (__libc_init_array)
/opt/devkitpro/devkitARM/bin/../lib/gcc/arm-none-eabi/10.2.0/../../../../arm-none-eabi/lib/thumb/libg.a(lib_a-iprintf.o)
                              main.o (iprintf)
/opt/devkitpro/devkitARM/bin/../lib/gcc/arm-none-eabi/10.2.0/../../../../arm-none-eabi/lib/thumb/libg.a(lib_a-malloc.o)
                              game.o (malloc)
/opt/devkitpro/devkitARM/bin/../lib/gcc/arm-none-eabi/10.2.0/../../../../arm-none-eabi/lib/thumb/libg.a(lib_a-mallocr.o)
                              /opt/devkitpro/devkitARM/bin/../lib/gcc/arm-none-eabi/10.2.0/../../../../arm-none-eabi/lib/thumb/libg.a(lib_a-malloc.o) (_malloc_r)
/opt/devkitpro/devkitARM/bin/../lib/gcc/arm-none-eabi/10.2.0/../../../../arm-none-eabi/lib/thumb/libg.a(lib_a-memcpy-stub.o)
[...]
Memory Configuration

Name             Origin             Length             Attributes
ewram            0x0000000002000000 0x0000000000380000
dtcm             0x0000000002ff0000 0x0000000000004000
vectors          0x0000000001000000 0x0000000000000100
itcm             0x0000000001000100 0x0000000000007f00
*default*        0x0000000000000000 0xffffffffffffffff

Linker script and memory map

                0x0000000002380000                __ewram_end = (ORIGIN (ewram) + LENGTH (ewram))
                0x0000000002380000                __eheap_end = (ORIGIN (ewram) + LENGTH (ewram))
                0x0000000002ff4000                __dtcm_top = (ORIGIN (dtcm) + LENGTH (dtcm))
                0x0000000002ff3ff8                __irq_flags = (__dtcm_top - 0x8)
                0x0000000002ff3ffc                __irq_vector = (__dtcm_top - 0x4)
                0x0000000002ff3f00                __sp_svc = (__dtcm_top - 0x100)
                0x0000000002ff3e00                __sp_irq = (__sp_svc - 0x100)
                0x0000000002ff3d00                __sp_usr = (__sp_irq - 0x100)

.secure         0x0000000002000000      0x800
 *(.secure)
 .secure        0x0000000002000000      0x800 /opt/devkitpro//libnds/lib/libnds9.a(securearea.o)
                0x0000000002000000                __secure_area__

.crt0           0x0000000002000800      0x300
                0x0000000002000800                __text_start = .
 *(.crt0)
 .crt0          0x0000000002000800      0x300 /opt/devkitpro/devkitARM/bin/../lib/gcc/arm-none-eabi/10.2.0/../../../../arm-none-eabi/lib/thumb/ds_arm9_crt0.o
                0x0000000002000800                _start
                0x0000000002000b00                . = ALIGN (0x4)

.plt
 *(.plt)

.init           0x0000000002000b00        0xc
 *(SORT_NONE(.init))
 .init          0x0000000002000b00        0x4 /opt/devkitpro/devkitARM/bin/../lib/gcc/arm-none-eabi/10.2.0/thumb/crti.o
                0x0000000002000b00                _init
 .init          0x0000000002000b04        0x8 /opt/devkitpro/devkitARM/bin/../lib/gcc/arm-none-eabi/10.2.0/thumb/crtn.o

.text           0x0000000002000b10     0xa9b0
 *(EXCLUDE_FILE(*.twl* *.vectors* *.itcm*) .text)
 .text          0x0000000002000b10      0x16c backgrounds.o
                0x0000000002000b10                display_back01
                0x0000000002000b40                display_back02
                0x0000000002000b70                init_video
                0x0000000002000bb0                init_background
 .text          0x0000000002000c7c      0x1ac controllers.o
                0x0000000002000c7c                enable_interrupts
                0x0000000002000ca0                configure_control_registers
                0x0000000002000d0c                define_interrupt_vector_table
                0x0000000002000d44                disable_interrupts
                0x0000000002000d68                interrupts_setting
 .text          0x0000000002000e28      0x2bc game.o
                0x0000000002000e28                iniciar_juego
                0x0000000002000ef8                alien_llega
                0x0000000002000f28                disparar
                0x0000000002001098                clean_screen
 .text          0x00000000020010e4      0x214 keypad_screen.o
                0x00000000020010e4                is_the_screen_touched
                0x0000000002001100                pressed_key_value
                0x0000000002001178                keypad_handler
                0x0000000002001258                movimiento
 .text          0x00000000020012f8      0x4b0 sprites.o
                0x00000000020012f8                init_sprite_memory
                0x000000000200134c                set_main_palette
                0x0000000002001484                set_secondary_palette
                0x00000000020014b0                alloc_sprites_in_memory
                0x0000000002001520                display_laser_cannon
                0x000000000200156c                remove_laser_cannon
                0x00000000020015b8                display_crab_alien
                0x0000000002001604                remove_crab_alien
                0x0000000002001650                display_projectile
                0x000000000200169c                remove_projectile
                0x00000000020016e8                movimiento_general_aleatorio
 .text          0x00000000020017a8       0xfc timers.o
                0x00000000020017a8                handler_t2_disparar
                0x00000000020017e8                movimiento_handler_t1
                0x0000000002001888                timer_handler
 .text          0x00000000020018a4      0x150 /opt/devkitpro/devkitARM/bin/../lib/gcc/arm-none-eabi/10.2.0/thumb/libgcc.a(_divsi3.o)
                0x00000000020018a4                __aeabi_idiv
                0x00000000020018a4                __divsi3
                0x00000000020019d4                __aeabi_idivmod
 .text          0x00000000020019f4        0x4 /opt/devkitpro/devkitARM/bin/../lib/gcc/arm-none-eabi/10.2.0/thumb/libgcc.a(_dvmd_tls.o)
                0x00000000020019f4                __aeabi_ldiv0
                0x00000000020019f4                __aeabi_idiv0
 .text          0x00000000020019f8      0x224 /opt/devkitpro/devkitARM/bin/../lib/gcc/arm-none-eabi/10.2.0/../../../../arm-none-eabi/lib/thumb/libg.a(lib_a-strcmp.o)
                0x00000000020019f8                strcmp
 .text          0x0000000002001c1c       0x14 /opt/devkitpro/devkitARM/bin/../lib/gcc/arm-none-eabi/10.2.0/thumb/libgcc.a(_thumb1_case_uqi.o)
                0x0000000002001c1c                __gnu_thumb1_case_uqi
 .text          0x0000000002001c30       0x14 /opt/devkitpro/devkitARM/bin/../lib/gcc/arm-none-eabi/10.2.0/thumb/libgcc.a(_thumb1_case_uhi.o)
                0x0000000002001c30                __gnu_thumb1_case_uhi
 .text          0x0000000002001c44      0x11c /opt/devkitpro/devkitARM/bin/../lib/gcc/arm-none-eabi/10.2.0/thumb/libgcc.a(_udivsi3.o)
                0x0000000002001c44                __udivsi3
                0x0000000002001c44                __aeabi_uidiv
                0x0000000002001d40                __aeabi_uidivmod
 .text          0x0000000002001d60       0x3c /opt/devkitpro/devkitARM/bin/../lib/gcc/arm-none-eabi/10.2.0/thumb/libgcc.a(_aeabi_uldivmod.o)
                0x0000000002001d60                __aeabi_uldivmod
 .text          0x0000000002001d9c       0x28 /opt/devkitpro/devkitARM/bin/../lib/gcc/arm-none-eabi/10.2.0/thumb/libgcc.a(_clzdi2.o)
                0x0000000002001d9c                __clzdi2
 .text          0x0000000002001dc4       0x48 /opt/devkitpro/devkitARM/bin/../lib/gcc/arm-none-eabi/10.2.0/thumb/libgcc.a(_clzsi2.o)
                0x0000000002001dc4                __clzsi2
 *(EXCLUDE_FILE(*.twl* *.vectors* *.itcm*) .stub)
 *(EXCLUDE_FILE(*.twl* *.vectors* *.itcm*) .text.*)
 .text.__do_global_dtors_aux
                0x0000000002001e0c       0x2c /opt/devkitpro/devkitARM/bin/../lib/gcc/arm-none-eabi/10.2.0/thumb/crtbegin.o
 .text.frame_dummy
                0x0000000002001e38       0x24 /opt/devkitpro/devkitARM/bin/../lib/gcc/arm-none-eabi/10.2.0/thumb/crtbegin.o
 .text.startup  0x0000000002001e5c      0x2c4 main.o
                0x0000000002001e5c                main
 .text.vramSetMainBanks
                0x0000000002002120       0x44 /opt/devkitpro//libnds/lib/libnds9.a(video.o)
                0x0000000002002120                vramSetMainBanks
 .text.vramDefault
                0x0000000002002164       0xd0 /opt/devkitpro//libnds/lib/libnds9.a(video.o)
                0x0000000002002164                vramDefault
 .text.touchRead
                0x0000000002002234       0x24 /opt/devkitpro//libnds/lib/libnds9.a(touch.o)
                0x0000000002002234                touchRead
 .text.oamAllocReset
                0x0000000002002258       0x1c /opt/devkitpro//libnds/lib/libnds9.a(sprite_alloc.o)
                0x0000000002002258                oamAllocReset
 .text.oamAllocateGfx
                0x0000000002002274      0x510 /opt/devkitpro//libnds/lib/libnds9.a(sprite_alloc.o)
                0x0000000002002274                oamAllocateGfx
 .text.systemValueHandler
                0x0000000002002784       0x48 /opt/devkitpro//libnds/lib/libnds9.a(system.o)
                0x0000000002002784                systemValueHandler
 .text.systemMsgHandler
                0x00000000020027cc       0x60 /opt/devkitpro//libnds/lib/libnds9.a(system.o)
                0x00000000020027cc                systemMsgHandler
 .text.powerOn  0x000000000200282c       0x2c /opt/devkitpro//libnds/lib/libnds9.a(system.o)
                0x000000000200282c                powerOn
 .text.newRow   0x0000000002002858       0xb0 /opt/devkitpro//libnds/lib/libnds9.a(console.o)
 .text.consolePrintChar
                0x0000000002002908       0xec /opt/devkitpro//libnds/lib/libnds9.a(console.o)
                0x0000000002002908                consolePrintChar
 .text.con_write
                0x00000000020029f4      0x374 /opt/devkitpro//libnds/lib/libnds9.a(console.o)
                0x00000000020029f4                con_write
 .text.consoleLoadFont
                0x0000000002002d68      0x2a8 /opt/devkitpro//libnds/lib/libnds9.a(console.o)
                0x0000000002002d68                consoleLoadFont
 .text.consoleInit
                0x0000000002003010      0x194 /opt/devkitpro//libnds/lib/libnds9.a(console.o)
                0x0000000002003010                consoleInit
 .text.consoleDemoInit
                0x00000000020031a4       0x40 /opt/devkitpro//libnds/lib/libnds9.a(console.o)
                0x00000000020031a4                consoleDemoInit
 .text.consoleClear
                0x00000000020031e4       0x10 /opt/devkitpro//libnds/lib/libnds9.a(console.o)
                0x00000000020031e4                consoleClear
 .text.oamInit  0x00000000020031f4      0x118 /opt/devkitpro//libnds/lib/libnds9.a(sprite.o)
                0x00000000020031f4                oamInit
 .text.oamGetGfxPtr
                0x000000000200330c       0x38 /opt/devkitpro//libnds/lib/libnds9.a(sprite.o)
                0x000000000200330c                oamGetGfxPtr
 .text.oamGfxPtrToOffset
                0x0000000002003344       0x34 /opt/devkitpro//libnds/lib/libnds9.a(sprite.o)
                0x0000000002003344                oamGfxPtrToOffset
 .text.oamSet   0x0000000002003378      0x11c /opt/devkitpro//libnds/lib/libnds9.a(sprite.o)
                0x0000000002003378                oamSet
 .text.oamUpdate
                0x0000000002003494       0x60 /opt/devkitpro//libnds/lib/libnds9.a(sprite.o)
                0x0000000002003494                oamUpdate
 .text.initSystem
                0x00000000020034f4      0x198 /opt/devkitpro//libnds/lib/libnds9.a(initSystem.o)
                0x00000000020034f4                initSystem
 .text.__libnds_gtod
                0x000000000200368c       0x28 /opt/devkitpro//libnds/lib/libnds9.a(timeSupport.o)
                0x000000000200368c                __libnds_gtod
 .text.irqDummy
                0x00000000020036b4        0x4 /opt/devkitpro//libnds/lib/libnds9.a(interrupts.o)
                0x00000000020036b4                irqDummy
 .text.irqSet   0x00000000020036b8       0x6c /opt/devkitpro//libnds/lib/libnds9.a(interrupts.o)
                0x00000000020036b8                irqSet
 .text.irqInit  0x0000000002003724       0x50 /opt/devkitpro//libnds/lib/libnds9.a(interrupts.o)
                0x0000000002003724                irqInit
 .text.irqEnable
                0x0000000002003774       0x64 /opt/devkitpro//libnds/lib/libnds9.a(interrupts.o)
                0x0000000002003774                irqEnable
 .text.systemErrorExit
                0x00000000020037d8        0x4 /opt/devkitpro//libnds/lib/libnds9.a(libnds_exit.arm.o)
                0x00000000020037d8                systemErrorExit
 .text.__libnds_exit
                0x00000000020037dc       0x5c /opt/devkitpro//libnds/lib/libnds9.a(libnds_exit.arm.o)
                0x00000000020037dc                __libnds_exit
 .text.fifo_queueBlock
                0x0000000002003838       0x44 /opt/devkitpro//libnds/lib/libnds9.a(fifosystem.o)
 .text.fifo_waitBlock
                0x000000000200387c       0x80 /opt/devkitpro//libnds/lib/libnds9.a(fifosystem.o)
 .text.fifoInternalSend.part.0
                0x00000000020038fc       0xd4 /opt/devkitpro//libnds/lib/libnds9.a(fifosystem.o)
 .text.fifoInternalSendInterrupt
                0x00000000020039d0       0xa8 /opt/devkitpro//libnds/lib/libnds9.a(fifosystem.o)
 .text.fifoSetValue32Handler
                0x0000000002003a78       0xd8 /opt/devkitpro//libnds/lib/libnds9.a(fifosystem.o)
                0x0000000002003a78                fifoSetValue32Handler
 .text.fifoSendValue32
                0x0000000002003b50       0x4c /opt/devkitpro//libnds/lib/libnds9.a(fifosystem.o)
                0x0000000002003b50                fifoSendValue32
 .text.fifoGetDatamsg
                0x0000000002003b9c       0xf4 /opt/devkitpro//libnds/lib/libnds9.a(fifosystem.o)
                0x0000000002003b9c                fifoGetDatamsg
 .text.fifoInternalRecvInterrupt
                0x0000000002003c90      0x380 /opt/devkitpro//libnds/lib/libnds9.a(fifosystem.o)
 .text.fifoSetDatamsgHandler
                0x0000000002004010       0x9c /opt/devkitpro//libnds/lib/libnds9.a(fifosystem.o)
                0x0000000002004010                fifoSetDatamsgHandler
 .text.fifoInit
                0x00000000020040ac       0xf8 /opt/devkitpro//libnds/lib/libnds9.a(fifosystem.o)
                0x00000000020040ac                fifoInit
 .text.DC_FlushRange
                0x00000000020041a4       0x24 /opt/devkitpro//libnds/lib/libnds9.a(dcache.o)
                0x00000000020041a4                DC_FlushRange
 .text.__libnds_mpu_setup
                0x00000000020041c8      0x174 /opt/devkitpro//libnds/lib/libnds9.a(mpu_setup.o)
                0x00000000020041c8                __libnds_mpu_setup
 .text.memUncached
                0x000000000200433c       0x20 /opt/devkitpro//libnds/lib/libnds9.a(mpu_setup.o)
                0x000000000200433c                memUncached
 .text.swiWaitForVBlank
                0x000000000200435c        0x8 /opt/devkitpro//libnds/lib/libnds9.a(IntrWait.o)
                0x000000000200435c                swiWaitForVBlank
 .text.swiIntrWait
                0x0000000002004364       0x70 /opt/devkitpro//libnds/lib/libnds9.a(IntrWait.o)
                0x0000000002004364                swiIntrWait
 .text.setCpuClock
                0x00000000020043d4       0x50 /opt/devkitpro//libnds/lib/libnds9.a(cpu_clock.o)
                0x00000000020043d4                setCpuClock
 .text.swiSoftReset
                0x0000000002004424       0x2c /opt/devkitpro//libnds/lib/libnds9.a(swiSoftReset.o)
                0x0000000002004424                swiSoftReset
 .text.swiDelay
                0x0000000002004450        0x4 /opt/devkitpro//libnds/lib/libnds9.a(biosCalls.o)
                0x0000000002004450                swiDelay
 .text.checkIfText
                0x0000000002004454       0x5c /opt/devkitpro//libnds/lib/libnds9.a(background.o)
                0x0000000002004454                checkIfText
 .text.bgUpdate
                0x00000000020044b0       0xf4 /opt/devkitpro//libnds/lib/libnds9.a(background.o)
                0x00000000020044b0                bgUpdate
 .text.bgInit_call
                0x00000000020045a4       0xc4 /opt/devkitpro//libnds/lib/libnds9.a(background.o)
                0x00000000020045a4                bgInit_call
 .text.bgInitSub_call
                0x0000000002004668       0xcc /opt/devkitpro//libnds/lib/libnds9.a(background.o)
                0x0000000002004668                bgInitSub_call
 .text.sinLutLookup
                0x0000000002004734       0x38 /opt/devkitpro//libnds/lib/libnds9.a(trig.o)
                0x0000000002004734                sinLutLookup
 .text.sinLerp  0x000000000200476c       0x40 /opt/devkitpro//libnds/lib/libnds9.a(trig.o)
                0x000000000200476c                sinLerp
 .text.cosLerp  0x00000000020047ac       0x4c /opt/devkitpro//libnds/lib/libnds9.a(trig.o)
                0x00000000020047ac                cosLerp
 .text.__libc_init_array
                0x00000000020047f8       0x50 /opt/devkitpro/devkitARM/bin/../lib/gcc/arm-none-eabi/10.2.0/../../../../arm-none-eabi/lib/thumb/libg.a(lib_a-init.o)
                0x00000000020047f8                __libc_init_array
 .text.iprintf  0x0000000002004848       0x24 /opt/devkitpro/devkitARM/bin/../lib/gcc/arm-none-eabi/10.2.0/../../../../arm-none-eabi/lib/thumb/libg.a(lib_a-iprintf.o)
                0x0000000002004848                iprintf
 .text.malloc   0x000000000200486c       0x14 /opt/devkitpro/devkitARM/bin/../lib/gcc/arm-none-eabi/10.2.0/../../../../arm-none-eabi/lib/thumb/libg.a(lib_a-malloc.o)
                0x000000000200486c                malloc
 .text.free     0x0000000002004880       0x14 /opt/devkitpro/devkitARM/bin/../lib/gcc/arm-none-eabi/10.2.0/../../../../arm-none-eabi/lib/thumb/libg.a(lib_a-malloc.o)
                0x0000000002004880                free
 .text._malloc_r
                0x0000000002004894      0x59c /opt/devkitpro/devkitARM/bin/../lib/gcc/arm-none-eabi/10.2.0/../../../../arm-none-eabi/lib/thumb/libg.a(lib_a-mallocr.o)
                0x0000000002004894                _malloc_r
 .text.memcpy   0x0000000002004e30       0xa8 /opt/devkitpro/devkitARM/bin/../lib/gcc/arm-none-eabi/10.2.0/../../../../arm-none-eabi/lib/thumb/libg.a(lib_a-memcpy-stub.o)
                0x0000000002004e30                memcpy
 .text.memset   0x0000000002004ed8       0xb0 /opt/devkitpro/devkitARM/bin/../lib/gcc/arm-none-eabi/10.2.0/../../../../arm-none-eabi/lib/thumb/libg.a(lib_a-memset.o)
                0x0000000002004ed8                memset
 .text.__malloc_lock
                0x0000000002004f88       0x14 /opt/devkitpro/devkitARM/bin/../lib/gcc/arm-none-eabi/10.2.0/../../../../arm-none-eabi/lib/thumb/libg.a(lib_a-mlock.o)
                0x0000000002004f88                __malloc_lock
 .text.__malloc_unlock
                0x0000000002004f9c       0x14 /opt/devkitpro/devkitARM/bin/../lib/gcc/arm-none-eabi/10.2.0/../../../../arm-none-eabi/lib/thumb/libg.a(lib_a-mlock.o)
                0x0000000002004f9c                __malloc_unlock
 .text.srand    0x0000000002004fb0       0x18 /opt/devkitpro/devkitARM/bin/../lib/gcc/arm-none-eabi/10.2.0/../../../../arm-none-eabi/lib/thumb/libg.a(lib_a-rand.o)
                0x0000000002004fb0                srand
 .text.rand     0x0000000002004fc8       0x34 /opt/devkitpro/devkitARM/bin/../lib/gcc/arm-none-eabi/10.2.0/../../../../arm-none-eabi/lib/thumb/libg.a(lib_a-rand.o)
                0x0000000002004fc8                rand
 .text.realloc  0x0000000002004ffc       0x18 /opt/devkitpro/devkitARM/bin/../lib/gcc/arm-none-eabi/10.2.0/../../../../arm-none-eabi/lib/thumb/libg.a(lib_a-realloc.o)
                0x0000000002004ffc                realloc
 .text._realloc_r
                0x0000000002005014      0x38c /opt/devkitpro/devkitARM/bin/../lib/gcc/arm-none-eabi/10.2.0/../../../../arm-none-eabi/lib/thumb/libg.a(lib_a-reallocr.o)
                0x0000000002005014                _realloc_r
 .text.setvbuf  0x00000000020053a0      0x1ac /opt/devkitpro/devkitARM/bin/../lib/gcc/arm-none-eabi/10.2.0/../../../../arm-none-eabi/lib/thumb/libg.a(lib_a-setvbuf.o)
                0x00000000020053a0                setvbuf
 .text.siscanf  0x000000000200554c       0x4c /opt/devkitpro/devkitARM/bin/../lib/gcc/arm-none-eabi/10.2.0/../../../../arm-none-eabi/lib/thumb/libg.a(lib_a-siscanf.o)
                0x000000000200554c                siscanf
 .text.__sread  0x0000000002005598       0x34 /opt/devkitpro/devkitARM/bin/../lib/gcc/arm-none-eabi/10.2.0/../../../../arm-none-eabi/lib/thumb/libg.a(lib_a-stdio.o)
                0x0000000002005598                __sread
 .text.__seofread
                0x00000000020055cc        0x4 /opt/devkitpro/devkitARM/bin/../lib/gcc/arm-none-eabi/10.2.0/../../../../arm-none-eabi/lib/thumb/libg.a(lib_a-stdio.o)
                0x00000000020055cc                __seofread
 .text.__swrite
                0x00000000020055d0       0x54 /opt/devkitpro/devkitARM/bin/../lib/gcc/arm-none-eabi/10.2.0/../../../../arm-none-eabi/lib/thumb/libg.a(lib_a-stdio.o)
                0x00000000020055d0                __swrite
 .text.__sseek  0x0000000002005624       0x40 /opt/devkitpro/devkitARM/bin/../lib/gcc/arm-none-eabi/10.2.0/../../../../arm-none-eabi/lib/thumb/libg.a(lib_a-stdio.o)
                0x0000000002005624                __sseek
 .text.__sclose
                0x0000000002005664       0x10 /opt/devkitpro/devkitARM/bin/../lib/gcc/arm-none-eabi/10.2.0/../../../../arm-none-eabi/lib/thumb/libg.a(lib_a-stdio.o)
                0x0000000002005664                __sclose
 .text.strlen   0x0000000002005674       0x60 /opt/devkitpro/devkitARM/bin/../lib/gcc/arm-none-eabi/10.2.0/../../../../arm-none-eabi/lib/thumb/libg.a(lib_a-strlen-stub.o)
                0x0000000002005674                strlen
 .text.get_arg  0x00000000020056d4       0x32 /opt/devkitpro/devkitARM/bin/../lib/gcc/arm-none-eabi/10.2.0/../../../../arm-none-eabi/lib/thumb/libg.a(lib_a-svfiscanf.o)
 .text._sungetc_r
                0x0000000002005706       0x7e /opt/devkitpro/devkitARM/bin/../lib/gcc/arm-none-eabi/10.2.0/../../../../arm-none-eabi/lib/thumb/libg.a(lib_a-svfiscanf.o)
                0x0000000002005706                _sungetc_r
 .text.__ssrefill_r
                0x0000000002005784       0x42 /opt/devkitpro/devkitARM/bin/../lib/gcc/arm-none-eabi/10.2.0/../../../../arm-none-eabi/lib/thumb/libg.a(lib_a-svfiscanf.o)
                0x0000000002005784                __ssrefill_r
 .text._sfread_r
                0x00000000020057c6       0x8a /opt/devkitpro/devkitARM/bin/../lib/gcc/arm-none-eabi/10.2.0/../../../../arm-none-eabi/lib/thumb/libg.a(lib_a-svfiscanf.o)
                0x00000000020057c6                _sfread_r
 .text.__ssvfiscanf_r
                0x0000000002005850     0x1b6c /opt/devkitpro/devkitARM/bin/../lib/gcc/arm-none-eabi/10.2.0/../../../../arm-none-eabi/lib/thumb/libg.a(lib_a-svfiscanf.o)
                0x0000000002005850                __ssvfiscanf_r
 .text.time     0x00000000020073bc       0x34 /opt/devkitpro/devkitARM/bin/../lib/gcc/arm-none-eabi/10.2.0/../../../../arm-none-eabi/lib/thumb/libg.a(lib_a-time.o)
                0x00000000020073bc                time
 .text.__submore
                0x00000000020073f0       0x88 /opt/devkitpro/devkitARM/bin/../lib/gcc/arm-none-eabi/10.2.0/../../../../arm-none-eabi/lib/thumb/libg.a(lib_a-ungetc.o)
                0x00000000020073f0                __submore
 .text.get_arg  0x0000000002007478      0x3f0 /opt/devkitpro/devkitARM/bin/../lib/gcc/arm-none-eabi/10.2.0/../../../../arm-none-eabi/lib/thumb/libg.a(lib_a-vfiprintf.o)
 .text.__sprint_r
                0x0000000002007868       0x20 /opt/devkitpro/devkitARM/bin/../lib/gcc/arm-none-eabi/10.2.0/../../../../arm-none-eabi/lib/thumb/libg.a(lib_a-vfiprintf.o)
                0x0000000002007868                __sprint_r
 .text._vfiprintf_r
                0x0000000002007888     0x1800 /opt/devkitpro/devkitARM/bin/../lib/gcc/arm-none-eabi/10.2.0/../../../../arm-none-eabi/lib/thumb/libg.a(lib_a-vfiprintf.o)
                0x0000000002007888                _vfiprintf_r
 .text.__sbprintf
                0x0000000002009088       0x8c /opt/devkitpro/devkitARM/bin/../lib/gcc/arm-none-eabi/10.2.0/../../../../arm-none-eabi/lib/thumb/libg.a(lib_a-vfiprintf.o)
 .text._wcrtomb_r
                0x0000000002009114       0x5c /opt/devkitpro/devkitARM/bin/../lib/gcc/arm-none-eabi/10.2.0/../../../../arm-none-eabi/lib/thumb/libg.a(lib_a-wcrtomb.o)
                0x0000000002009114                _wcrtomb_r
 .text._wcsrtombs_r
                0x0000000002009170       0x1c /opt/devkitpro/devkitARM/bin/../lib/gcc/arm-none-eabi/10.2.0/../../../../arm-none-eabi/lib/thumb/libg.a(lib_a-wcsrtombs.o)
                0x0000000002009170                _wcsrtombs_r
 .text.__swsetup_r
                0x000000000200918c       0xe4 /opt/devkitpro/devkitARM/bin/../lib/gcc/arm-none-eabi/10.2.0/../../../../arm-none-eabi/lib/thumb/libg.a(lib_a-wsetup.o)
                0x000000000200918c                __swsetup_r
 .text.__sflush_r
                0x0000000002009270      0x1c0 /opt/devkitpro/devkitARM/bin/../lib/gcc/arm-none-eabi/10.2.0/../../../../arm-none-eabi/lib/thumb/libg.a(lib_a-fflush.o)
                0x0000000002009270                __sflush_r
 .text._fflush_r
                0x0000000002009430       0x70 /opt/devkitpro/devkitARM/bin/../lib/gcc/arm-none-eabi/10.2.0/../../../../arm-none-eabi/lib/thumb/libg.a(lib_a-fflush.o)
                0x0000000002009430                _fflush_r
 .text._cleanup_r
                0x00000000020094a0       0x14 /opt/devkitpro/devkitARM/bin/../lib/gcc/arm-none-eabi/10.2.0/../../../../arm-none-eabi/lib/thumb/libg.a(lib_a-findfp.o)
                0x00000000020094a0                _cleanup_r
 .text.__sinit  0x00000000020094b4      0x124 /opt/devkitpro/devkitARM/bin/../lib/gcc/arm-none-eabi/10.2.0/../../../../arm-none-eabi/lib/thumb/libg.a(lib_a-findfp.o)
                0x00000000020094b4                __sinit
 .text.__sfp_lock_acquire
                0x00000000020095d8       0x14 /opt/devkitpro/devkitARM/bin/../lib/gcc/arm-none-eabi/10.2.0/../../../../arm-none-eabi/lib/thumb/libg.a(lib_a-findfp.o)
                0x00000000020095d8                __sfp_lock_acquire
 .text.__sfp_lock_release
                0x00000000020095ec       0x14 /opt/devkitpro/devkitARM/bin/../lib/gcc/arm-none-eabi/10.2.0/../../../../arm-none-eabi/lib/thumb/libg.a(lib_a-findfp.o)
                0x00000000020095ec                __sfp_lock_release
 .text._malloc_trim_r
                0x0000000002009600       0xa0 /opt/devkitpro/devkitARM/bin/../lib/gcc/arm-none-eabi/10.2.0/../../../../arm-none-eabi/lib/thumb/libg.a(lib_a-freer.o)
                0x0000000002009600                _malloc_trim_r
 .text._free_r  0x00000000020096a0      0x1e0 /opt/devkitpro/devkitARM/bin/../lib/gcc/arm-none-eabi/10.2.0/../../../../arm-none-eabi/lib/thumb/libg.a(lib_a-freer.o)
                0x00000000020096a0                _free_r
 .text.__sfvwrite_r
                0x0000000002009880      0x324 /opt/devkitpro/devkitARM/bin/../lib/gcc/arm-none-eabi/10.2.0/../../../../arm-none-eabi/lib/thumb/libg.a(lib_a-fvwrite.o)
                0x0000000002009880                __sfvwrite_r
 .text._fwalk_reent
                0x0000000002009ba4       0x50 /opt/devkitpro/devkitARM/bin/../lib/gcc/arm-none-eabi/10.2.0/../../../../arm-none-eabi/lib/thumb/libg.a(lib_a-fwalk.o)
                0x0000000002009ba4                _fwalk_reent
 .text.iswspace
                0x0000000002009bf4       0x10 /opt/devkitpro/devkitARM/bin/../lib/gcc/arm-none-eabi/10.2.0/../../../../arm-none-eabi/lib/thumb/libg.a(lib_a-iswspace.o)
                0x0000000002009bf4                iswspace
 .text._localeconv_r
                0x0000000002009c04        0x8 /opt/devkitpro/devkitARM/bin/../lib/gcc/arm-none-eabi/10.2.0/../../../../arm-none-eabi/lib/thumb/libg.a(lib_a-localeconv.o)
                0x0000000002009c04                _localeconv_r
 .text.__locale_mb_cur_max
                0x0000000002009c0c       0x10 /opt/devkitpro/devkitARM/bin/../lib/gcc/arm-none-eabi/10.2.0/../../../../arm-none-eabi/lib/thumb/libg.a(lib_a-locale.o)
                0x0000000002009c0c                __locale_mb_cur_max
 .text.__smakebuf_r
                0x0000000002009c1c       0xec /opt/devkitpro/devkitARM/bin/../lib/gcc/arm-none-eabi/10.2.0/../../../../arm-none-eabi/lib/thumb/libg.a(lib_a-makebuf.o)
                0x0000000002009c1c                __smakebuf_r
 .text.__swhatbuf_r
                0x0000000002009d08       0x64 /opt/devkitpro/devkitARM/bin/../lib/gcc/arm-none-eabi/10.2.0/../../../../arm-none-eabi/lib/thumb/libg.a(lib_a-makebuf.o)
                0x0000000002009d08                __swhatbuf_r
 .text._mbrtowc_r
                0x0000000002009d6c       0x60 /opt/devkitpro/devkitARM/bin/../lib/gcc/arm-none-eabi/10.2.0/../../../../arm-none-eabi/lib/thumb/libg.a(lib_a-mbrtowc.o)
                0x0000000002009d6c                _mbrtowc_r
 .text.__utf8_mbtowc
                0x0000000002009dcc      0x280 /opt/devkitpro/devkitARM/bin/../lib/gcc/arm-none-eabi/10.2.0/../../../../arm-none-eabi/lib/thumb/libg.a(lib_a-mbtowc_r.o)
                0x0000000002009dcc                __utf8_mbtowc
 .text.memchr   0x000000000200a04c       0x78 /opt/devkitpro/devkitARM/bin/../lib/gcc/arm-none-eabi/10.2.0/../../../../arm-none-eabi/lib/thumb/libg.a(lib_a-memchr-stub.o)
                0x000000000200a04c                memchr
 .text.memmove  0x000000000200a0c4       0xbc /opt/devkitpro/devkitARM/bin/../lib/gcc/arm-none-eabi/10.2.0/../../../../arm-none-eabi/lib/thumb/libg.a(lib_a-memmove.o)
                0x000000000200a0c4                memmove
 .text.__sccl   0x000000000200a180       0x90 /opt/devkitpro/devkitARM/bin/../lib/gcc/arm-none-eabi/10.2.0/../../../../arm-none-eabi/lib/thumb/libg.a(lib_a-sccl.o)
                0x000000000200a180                __sccl
 .text.strncpy  0x000000000200a210       0x74 /opt/devkitpro/devkitARM/bin/../lib/gcc/arm-none-eabi/10.2.0/../../../../arm-none-eabi/lib/thumb/libg.a(lib_a-strncpy.o)
                0x000000000200a210                strncpy
 .text._strtoll_l.constprop.0
                0x000000000200a284      0x1ac /opt/devkitpro/devkitARM/bin/../lib/gcc/arm-none-eabi/10.2.0/../../../../arm-none-eabi/lib/thumb/libg.a(lib_a-strtoll.o)
 .text._strtoll_r
                0x000000000200a430        0xc /opt/devkitpro/devkitARM/bin/../lib/gcc/arm-none-eabi/10.2.0/../../../../arm-none-eabi/lib/thumb/libg.a(lib_a-strtoll.o)
                0x000000000200a430                _strtoll_r
 .text._strtol_l.part.0
                0x000000000200a43c      0x150 /opt/devkitpro/devkitARM/bin/../lib/gcc/arm-none-eabi/10.2.0/../../../../arm-none-eabi/lib/thumb/libg.a(lib_a-strtol.o)
 .text._strtol_r
                0x000000000200a58c       0x20 /opt/devkitpro/devkitARM/bin/../lib/gcc/arm-none-eabi/10.2.0/../../../../arm-none-eabi/lib/thumb/libg.a(lib_a-strtol.o)
                0x000000000200a58c                _strtol_r
 .text._strtoull_l.constprop.0
                0x000000000200a5ac      0x1c8 /opt/devkitpro/devkitARM/bin/../lib/gcc/arm-none-eabi/10.2.0/../../../../arm-none-eabi/lib/thumb/libg.a(lib_a-strtoull.o)
 .text._strtoull_r
                0x000000000200a774        0xc /opt/devkitpro/devkitARM/bin/../lib/gcc/arm-none-eabi/10.2.0/../../../../arm-none-eabi/lib/thumb/libg.a(lib_a-strtoull.o)
                0x000000000200a774                _strtoull_r
 .text._strtoul_l.constprop.0
                0x000000000200a780      0x148 /opt/devkitpro/devkitARM/bin/../lib/gcc/arm-none-eabi/10.2.0/../../../../arm-none-eabi/lib/thumb/libg.a(lib_a-strtoul.o)
 .text._strtoul_r
                0x000000000200a8c8        0xc /opt/devkitpro/devkitARM/bin/../lib/gcc/arm-none-eabi/10.2.0/../../../../arm-none-eabi/lib/thumb/libg.a(lib_a-strtoul.o)
                0x000000000200a8c8                _strtoul_r
 .text._wcsnrtombs_l
                0x000000000200a8d4      0x138 /opt/devkitpro/devkitARM/bin/../lib/gcc/arm-none-eabi/10.2.0/../../../../arm-none-eabi/lib/thumb/libg.a(lib_a-wcsnrtombs.o)
                0x000000000200a8d4                _wcsnrtombs_l
 .text._wcsnrtombs_r
                0x000000000200aa0c       0x30 /opt/devkitpro/devkitARM/bin/../lib/gcc/arm-none-eabi/10.2.0/../../../../arm-none-eabi/lib/thumb/libg.a(lib_a-wcsnrtombs.o)
                0x000000000200aa0c                _wcsnrtombs_r
 .text.__utf8_wctomb
                0x000000000200aa3c       0xb4 /opt/devkitpro/devkitARM/bin/../lib/gcc/arm-none-eabi/10.2.0/../../../../arm-none-eabi/lib/thumb/libg.a(lib_a-wctomb_r.o)
                0x000000000200aa3c                __utf8_wctomb
 .text.__errno  0x000000000200aaf0        0xc /opt/devkitpro/devkitARM/bin/../lib/gcc/arm-none-eabi/10.2.0/../../../../arm-none-eabi/lib/thumb/libg.a(lib_a-errno.o)
                0x000000000200aaf0                __errno
 .text._fclose_r
                0x000000000200aafc       0xe8 /opt/devkitpro/devkitARM/bin/../lib/gcc/arm-none-eabi/10.2.0/../../../../arm-none-eabi/lib/thumb/libg.a(lib_a-fclose.o)
                0x000000000200aafc                _fclose_r
 .text.iswspace_l
                0x000000000200abe4       0x2c /opt/devkitpro/devkitARM/bin/../lib/gcc/arm-none-eabi/10.2.0/../../../../arm-none-eabi/lib/thumb/libg.a(lib_a-iswspace_l.o)
                0x000000000200abe4                iswspace_l
 .text.__jp2uc  0x000000000200ac10      0x164 /opt/devkitpro/devkitARM/bin/../lib/gcc/arm-none-eabi/10.2.0/../../../../arm-none-eabi/lib/thumb/libg.a(lib_a-jp2uc.o)
 .text._jp2uc_l
                0x000000000200ad74       0x6c /opt/devkitpro/devkitARM/bin/../lib/gcc/arm-none-eabi/10.2.0/../../../../arm-none-eabi/lib/thumb/libg.a(lib_a-jp2uc.o)
                0x000000000200ad74                _jp2uc_l
 .text.category
                0x000000000200ade0       0x54 /opt/devkitpro/devkitARM/bin/../lib/gcc/arm-none-eabi/10.2.0/../../../../arm-none-eabi/lib/thumb/libg.a(lib_a-categories.o)
                0x000000000200ade0                category
 .text.null_write
                0x000000000200ae34        0x4 /opt/devkitpro/devkitARM/bin/../lib/gcc/arm-none-eabi/10.2.0/../../../../arm-none-eabi/lib/thumb/libsysbase.a(iosupport.o)
 .text._fstat_r
                0x000000000200ae38       0x4c /opt/devkitpro/devkitARM/bin/../lib/gcc/arm-none-eabi/10.2.0/../../../../arm-none-eabi/lib/thumb/libsysbase.a(fstat.o)
                0x000000000200ae38                _fstat_r
 .text._gettimeofday_r
                0x000000000200ae84       0x28 /opt/devkitpro/devkitARM/bin/../lib/gcc/arm-none-eabi/10.2.0/../../../../arm-none-eabi/lib/thumb/libsysbase.a(gettod.o)
                0x000000000200ae84                _gettimeofday_r
 .text._isatty_r
                0x000000000200aeac        0x4 /opt/devkitpro/devkitARM/bin/../lib/gcc/arm-none-eabi/10.2.0/../../../../arm-none-eabi/lib/thumb/libsysbase.a(isatty.o)
                0x000000000200aeac                _isatty_r
 .text._lseek_r
                0x000000000200aeb0       0x5c /opt/devkitpro/devkitARM/bin/../lib/gcc/arm-none-eabi/10.2.0/../../../../arm-none-eabi/lib/thumb/libsysbase.a(lseek.o)
                0x000000000200aeb0                _lseek_r
 .text._read_r  0x000000000200af0c       0x50 /opt/devkitpro/devkitARM/bin/../lib/gcc/arm-none-eabi/10.2.0/../../../../arm-none-eabi/lib/thumb/libsysbase.a(read.o)
                0x000000000200af0c                _read_r
 .text._sbrk_r  0x000000000200af5c       0x54 /opt/devkitpro/devkitARM/bin/../lib/gcc/arm-none-eabi/10.2.0/../../../../arm-none-eabi/lib/thumb/libsysbase.a(sbrk.o)
                0x000000000200af5c                _sbrk_r
 .text._write_r
                0x000000000200afb0       0x50 /opt/devkitpro/devkitARM/bin/../lib/gcc/arm-none-eabi/10.2.0/../../../../arm-none-eabi/lib/thumb/libsysbase.a(write.o)
                0x000000000200afb0                _write_r
 .text.build_argv
                0x000000000200b000       0x4c /opt/devkitpro/devkitARM/bin/../lib/gcc/arm-none-eabi/10.2.0/../../../../arm-none-eabi/lib/thumb/libsysbase.a(build_argv.o)
                0x000000000200b000                build_argv
 .text.__flockfile
                0x000000000200b04c       0x10 /opt/devkitpro/devkitARM/bin/../lib/gcc/arm-none-eabi/10.2.0/../../../../arm-none-eabi/lib/thumb/libsysbase.a(flock.o)
                0x000000000200b04c                __flockfile
 .text.__funlockfile
                0x000000000200b05c       0x10 /opt/devkitpro/devkitARM/bin/../lib/gcc/arm-none-eabi/10.2.0/../../../../arm-none-eabi/lib/thumb/libsysbase.a(flock.o)
                0x000000000200b05c                __funlockfile
 .text.__libc_lock_acquire
                0x000000000200b06c       0x1c /opt/devkitpro/devkitARM/bin/../lib/gcc/arm-none-eabi/10.2.0/../../../../arm-none-eabi/lib/thumb/libsysbase.a(syscall_support.o)
                0x000000000200b06c                __libc_lock_acquire
 .text.__libc_lock_release
                0x000000000200b088       0x1c /opt/devkitpro/devkitARM/bin/../lib/gcc/arm-none-eabi/10.2.0/../../../../arm-none-eabi/lib/thumb/libsysbase.a(syscall_support.o)
                0x000000000200b088                __libc_lock_release
 .text.__libc_lock_init_recursive
                0x000000000200b0a4       0x1c /opt/devkitpro/devkitARM/bin/../lib/gcc/arm-none-eabi/10.2.0/../../../../arm-none-eabi/lib/thumb/libsysbase.a(syscall_support.o)
                0x000000000200b0a4                __libc_lock_init_recursive
 .text.__libc_lock_acquire_recursive
                0x000000000200b0c0       0x1c /opt/devkitpro/devkitARM/bin/../lib/gcc/arm-none-eabi/10.2.0/../../../../arm-none-eabi/lib/thumb/libsysbase.a(syscall_support.o)
                0x000000000200b0c0                __libc_lock_acquire_recursive
 .text.__libc_lock_release_recursive
                0x000000000200b0dc       0x1c /opt/devkitpro/devkitARM/bin/../lib/gcc/arm-none-eabi/10.2.0/../../../../arm-none-eabi/lib/thumb/libsysbase.a(syscall_support.o)
                0x000000000200b0dc                __libc_lock_release_recursive
 .text.__libc_lock_close_recursive
                0x000000000200b0f8       0x1c /opt/devkitpro/devkitARM/bin/../lib/gcc/arm-none-eabi/10.2.0/../../../../arm-none-eabi/lib/thumb/libsysbase.a(syscall_support.o)
                0x000000000200b0f8                __libc_lock_close_recursive
 .text.__get_handle
                0x000000000200b114       0x34 /opt/devkitpro/devkitARM/bin/../lib/gcc/arm-none-eabi/10.2.0/../../../../arm-none-eabi/lib/thumb/libsysbase.a(handle_manager.o)
                0x000000000200b114                __get_handle
 .text._close_r
                0x000000000200b148       0xb8 /opt/devkitpro/devkitARM/bin/../lib/gcc/arm-none-eabi/10.2.0/../../../../arm-none-eabi/lib/thumb/libsysbase.a(handle_manager.o)
                0x000000000200b148                _close_r
 .text.__getreent
                0x000000000200b200       0x28 /opt/devkitpro/devkitARM/bin/../lib/gcc/arm-none-eabi/10.2.0/../../../../arm-none-eabi/lib/thumb/libsysbase.a(getreent.o)
                0x000000000200b200                __getreent
 .text.__muldi3
                0x000000000200b228       0x54 /opt/devkitpro/devkitARM/bin/../lib/gcc/arm-none-eabi/10.2.0/thumb/libgcc.a(_muldi3.o)
                0x000000000200b228                __aeabi_lmul
                0x000000000200b228                __muldi3
 .text.__udivmoddi4
                0x000000000200b27c      0x19c /opt/devkitpro/devkitARM/bin/../lib/gcc/arm-none-eabi/10.2.0/thumb/libgcc.a(_udivmoddi4.o)
                0x000000000200b27c                __udivmoddi4
 .text.__udivmoddi4.__stub
                0x000000000200b418       0x98 linker stubs
 *(EXCLUDE_FILE(*.twl*) .gnu.warning)
 *(EXCLUDE_FILE(*.twl*) .gnu.linkonce.t*)
 *(.glue_7)
 .glue_7        0x000000000200b4c0        0x0 linker stubs
 *(.glue_7t)
 .glue_7t       0x000000000200b4c0        0x0 linker stubs
                0x000000000200b4c0                . = ALIGN (0x4)

.vfp11_veneer   0x000000000200b4c0        0x0
 .vfp11_veneer  0x000000000200b4c0        0x0 linker stubs

.v4_bx          0x000000000200b4c0        0x0
 .v4_bx         0x000000000200b4c0        0x0 linker stubs

.iplt           0x000000000200b4c0        0x0
 .iplt          0x000000000200b4c0        0x0 /opt/devkitpro/devkitARM/bin/../lib/gcc/arm-none-eabi/10.2.0/../../../../arm-none-eabi/lib/thumb/ds_arm9_crt0.o

.fini           0x000000000200b4c0        0xc
 *(.fini)
 .fini          0x000000000200b4c0        0x4 /opt/devkitpro/devkitARM/bin/../lib/gcc/arm-none-eabi/10.2.0/thumb/crti.o
                0x000000000200b4c0                _fini
 .fini          0x000000000200b4c4        0x8 /opt/devkitpro/devkitARM/bin/../lib/gcc/arm-none-eabi/10.2.0/thumb/crtn.o
                0x000000000200b4cc                __text_end = .

.rodata         0x000000000200b4e0    0x390d8
 *(EXCLUDE_FILE(*.twl*) .rodata)
 .rodata        0x000000000200b4e0    0x18000 back01.o
                0x000000000200b4e0                back01Bitmap
 .rodata        0x00000000020234e0    0x18000 back02.o
                0x00000000020234e0                back02Bitmap
 .rodata        0x000000000203b4e0       0x14 main.o
 *all.rodata*(*)
 *(EXCLUDE_FILE(*.twl*) .roda)
 *(EXCLUDE_FILE(*.twl*) .rodata.*)
 .rodata.str1.4
                0x000000000203b4f4      0x335 main.o
 *fill*         0x000000000203b829        0x3 ff
 .rodata.con_write.str1.4
                0x000000000203b82c       0x30 /opt/devkitpro//libnds/lib/libnds9.a(console.o)
 .rodata.con_write
                0x000000000203b85c       0xd4 /opt/devkitpro//libnds/lib/libnds9.a(console.o)
 .rodata.consoleClear.str1.4
                0x000000000203b930        0x5 /opt/devkitpro//libnds/lib/libnds9.a(console.o)
 *fill*         0x000000000203b935        0x3 ff
 .rodata.str1.4
                0x000000000203b938       0x14 /opt/devkitpro//libnds/lib/libnds9.a(console.o)
 .rodata.dotab_stdout
                0x000000000203b94c       0x70 /opt/devkitpro//libnds/lib/libnds9.a(console.o)
 *fill*         0x000000000203b9bc        0x4 ff
 .rodata.default_font_bin
                0x000000000203b9c0     0x2000 /opt/devkitpro//libnds/lib/libnds9.a(default_font.bin.o)
                0x000000000203b9c0                default_font_bin
                0x000000000203d9c0                default_font_bin_end
 .rodata.SIN_LUT
                0x000000000203d9c0      0x102 /opt/devkitpro//libnds/lib/libnds9.a(trig.o)
                0x000000000203d9c0                SIN_LUT
 *fill*         0x000000000203dac2        0x2 ff
 .rodata.basefix.0
                0x000000000203dac4       0x22 /opt/devkitpro/devkitARM/bin/../lib/gcc/arm-none-eabi/10.2.0/../../../../arm-none-eabi/lib/thumb/libg.a(lib_a-svfiscanf.o)
 .rodata._vfiprintf_r.str1.1
                0x000000000203dae6       0x29 /opt/devkitpro/devkitARM/bin/../lib/gcc/arm-none-eabi/10.2.0/../../../../arm-none-eabi/lib/thumb/libg.a(lib_a-vfiprintf.o)
 *fill*         0x000000000203db0f        0x1 ff
 .rodata.blanks.1
                0x000000000203db10       0x10 /opt/devkitpro/devkitARM/bin/../lib/gcc/arm-none-eabi/10.2.0/../../../../arm-none-eabi/lib/thumb/libg.a(lib_a-vfiprintf.o)
 .rodata.zeroes.0
                0x000000000203db20       0x10 /opt/devkitpro/devkitARM/bin/../lib/gcc/arm-none-eabi/10.2.0/../../../../arm-none-eabi/lib/thumb/libg.a(lib_a-vfiprintf.o)
 .rodata._ctype_
                0x000000000203db30      0x101 /opt/devkitpro/devkitARM/bin/../lib/gcc/arm-none-eabi/10.2.0/../../../../arm-none-eabi/lib/thumb/libg.a(lib_a-ctype_.o)
                0x000000000203db30                _ctype_
 *fill*         0x000000000203dc31        0x3 ff
 .rodata.str1.4
                0x000000000203dc34       0x48 /opt/devkitpro/devkitARM/bin/../lib/gcc/arm-none-eabi/10.2.0/../../../../arm-none-eabi/lib/thumb/libg.a(lib_a-locale.o)
                                         0x4c (size before relaxing)
 .rodata._mbrtowc_r.str1.4
                0x000000000203dc7c        0x1 /opt/devkitpro/devkitARM/bin/../lib/gcc/arm-none-eabi/10.2.0/../../../../arm-none-eabi/lib/thumb/libg.a(lib_a-mbrtowc.o)
 .rodata.__action_table
                0x000000000203dc7c       0x6c /opt/devkitpro/devkitARM/bin/../lib/gcc/arm-none-eabi/10.2.0/../../../../arm-none-eabi/lib/thumb/libg.a(lib_a-svfiprintf.o)
                0x000000000203dc7c                __action_table
 .rodata.__chclass
                0x000000000203dce8      0x100 /opt/devkitpro/devkitARM/bin/../lib/gcc/arm-none-eabi/10.2.0/../../../../arm-none-eabi/lib/thumb/libg.a(lib_a-svfiprintf.o)
                0x000000000203dce8                __chclass
 .rodata.__state_table
                0x000000000203dde8       0x6c /opt/devkitpro/devkitARM/bin/../lib/gcc/arm-none-eabi/10.2.0/../../../../arm-none-eabi/lib/thumb/libg.a(lib_a-svfiprintf.o)
                0x000000000203dde8                __state_table
 .rodata.__jp2uc
                0x000000000203de54       0x20 /opt/devkitpro/devkitARM/bin/../lib/gcc/arm-none-eabi/10.2.0/../../../../arm-none-eabi/lib/thumb/libg.a(lib_a-jp2uc.o)
 .rodata._jp2uc_l.str1.4
                0x000000000203de74       0x12 /opt/devkitpro/devkitARM/bin/../lib/gcc/arm-none-eabi/10.2.0/../../../../arm-none-eabi/lib/thumb/libg.a(lib_a-jp2uc.o)
 *fill*         0x000000000203de86        0x2 ff
 .rodata.a1     0x000000000203de88       0xbc /opt/devkitpro/devkitARM/bin/../lib/gcc/arm-none-eabi/10.2.0/../../../../arm-none-eabi/lib/thumb/libg.a(lib_a-jp2uc.o)
 .rodata.a2     0x000000000203df44       0xbc /opt/devkitpro/devkitARM/bin/../lib/gcc/arm-none-eabi/10.2.0/../../../../arm-none-eabi/lib/thumb/libg.a(lib_a-jp2uc.o)
 .rodata.a3     0x000000000203e000       0x5b /opt/devkitpro/devkitARM/bin/../lib/gcc/arm-none-eabi/10.2.0/../../../../arm-none-eabi/lib/thumb/libg.a(lib_a-jp2uc.o)
 *fill*         0x000000000203e05b        0x1 ff
 .rodata.a6     0x000000000203e05c       0x70 /opt/devkitpro/devkitARM/bin/../lib/gcc/arm-none-eabi/10.2.0/../../../../arm-none-eabi/lib/thumb/libg.a(lib_a-jp2uc.o)
 .rodata.a7     0x000000000203e0cc       0xa2 /opt/devkitpro/devkitARM/bin/../lib/gcc/arm-none-eabi/10.2.0/../../../../arm-none-eabi/lib/thumb/libg.a(lib_a-jp2uc.o)
 *fill*         0x000000000203e16e        0x2 ff
 .rodata.a8     0x000000000203e170       0x40 /opt/devkitpro/devkitARM/bin/../lib/gcc/arm-none-eabi/10.2.0/../../../../arm-none-eabi/lib/thumb/libg.a(lib_a-jp2uc.o)
 .rodata.b02cf  0x000000000203e1b0     0x172a /opt/devkitpro/devkitARM/bin/../lib/gcc/arm-none-eabi/10.2.0/../../../../arm-none-eabi/lib/thumb/libg.a(lib_a-jp2uc.o)
 *fill*         0x000000000203f8da        0x2 ff
 .rodata.d02f4  0x000000000203f8dc     0x1a7c /opt/devkitpro/devkitARM/bin/../lib/gcc/arm-none-eabi/10.2.0/../../../../arm-none-eabi/lib/thumb/libg.a(lib_a-jp2uc.o)
 .rodata.categories
                0x0000000002041358     0x31e6 /opt/devkitpro/devkitARM/bin/../lib/gcc/arm-none-eabi/10.2.0/../../../../arm-none-eabi/lib/thumb/libg.a(lib_a-categories.o)
 *fill*         0x000000000204453e        0x2 ff
 .rodata.AddDevice.str1.4
                0x0000000002044540        0x8 /opt/devkitpro/devkitARM/bin/../lib/gcc/arm-none-eabi/10.2.0/../../../../arm-none-eabi/lib/thumb/libsysbase.a(iosupport.o)
 .rodata.dotab_stdnull
                0x0000000002044548       0x70 /opt/devkitpro/devkitARM/bin/../lib/gcc/arm-none-eabi/10.2.0/../../../../arm-none-eabi/lib/thumb/libsysbase.a(iosupport.o)
                0x0000000002044548                dotab_stdnull
 *(EXCLUDE_FILE(*.twl*) .gnu.linkonce.r*)
                0x00000000020445b8                . = ALIGN (0x4)

.ARM.extab
 *(.ARM.extab* .gnu.linkonce.armextab.*)
                0x00000000020445b8                __exidx_start = .

ARM.exidx
 *(.ARM.exidx* .gnu.linkonce.armexidx.*)
                0x00000000020445b8                __exidx_end = .
                0x00000000020445b8                . = ALIGN (0x4)
                0x00000000020445b8                PROVIDE (__preinit_array_start = .)

.preinit_array
 *(.preinit_array)
                0x00000000020445b8                PROVIDE (__preinit_array_end = .)
                0x00000000020445b8                PROVIDE (__init_array_start = .)

.init_array     0x00000000020445b8        0x4
 *(SORT_BY_NAME(.init_array.*))
 *(.init_array)
 .init_array    0x00000000020445b8        0x4 /opt/devkitpro/devkitARM/bin/../lib/gcc/arm-none-eabi/10.2.0/thumb/crtbegin.o
                0x00000000020445bc                PROVIDE (__init_array_end = .)
                [!provide]                        PROVIDE (__fini_array_start = .)

.fini_array     0x00000000020445bc        0x4
 *(.fini_array)
 .fini_array    0x00000000020445bc        0x4 /opt/devkitpro/devkitARM/bin/../lib/gcc/arm-none-eabi/10.2.0/thumb/crtbegin.o
 *(SORT_BY_NAME(.fini_array.*))
                [!provide]                        PROVIDE (__fini_array_end = .)

.ctors          0x00000000020445c0        0x0
 *crtbegin.o(.ctors)
 *(EXCLUDE_FILE(*crtend.o) .ctors)
 *(SORT_BY_NAME(.ctors.*))
 *(.ctors)
                0x00000000020445c0                . = ALIGN (0x4)

.dtors          0x00000000020445c0        0x0
 *crtbegin.o(.dtors)
 *(EXCLUDE_FILE(*crtend.o) .dtors)
 *(SORT_BY_NAME(.dtors.*))
 *(.dtors)
                0x00000000020445c0                . = ALIGN (0x4)

.eh_frame       0x00000000020445c0        0x4
 *(.eh_frame)
 .eh_frame      0x00000000020445c0        0x0 /opt/devkitpro/devkitARM/bin/../lib/gcc/arm-none-eabi/10.2.0/thumb/crtbegin.o
 .eh_frame      0x00000000020445c0        0x4 /opt/devkitpro/devkitARM/bin/../lib/gcc/arm-none-eabi/10.2.0/thumb/crtend.o
                0x00000000020445c4                . = ALIGN (0x4)

.rel.dyn        0x00000000020445c4        0x0
 .rel.iplt      0x00000000020445c4        0x0 /opt/devkitpro/devkitARM/bin/../lib/gcc/arm-none-eabi/10.2.0/../../../../arm-none-eabi/lib/thumb/ds_arm9_crt0.o

.gcc_except_table
                0x00000000020445c4        0x0
 *(.gcc_except_table)
                0x00000000020445c4                . = ALIGN (0x4)

.jcr
 *(.jcr)

.got
 *(.got.plt)
 *(.got)
 *(.rel.got)

.ewram          0x00000000020445c4        0x0
                0x00000000020445c4                __ewram_start = ABSOLUTE (.)
 *(.ewram)
 *ewram.*(.text)
                0x00000000020445c4                . = ALIGN (0x4)

.data           0x00000000020445c4     0x1efc
                0x00000000020445c4                __data_start = ABSOLUTE (.)
 *(EXCLUDE_FILE(*.twl*) .data)
 .data          0x00000000020445c4       0x14 main.o
                0x00000000020445c4                nivel
                0x00000000020445c8                num_aliens
                0x00000000020445cc                num_pr
                0x00000000020445d0                posY
                0x00000000020445d4                posX
 .data          0x00000000020445d8      0x300 sprites.o
                0x00000000020445d8                projectile
                0x00000000020446d8                crab_alien
                0x00000000020447d8                laser_cannon
 .data          0x00000000020448d8       0x28 /opt/devkitpro//libnds/lib/libnds9.a(mpu_setup.o)
 *(EXCLUDE_FILE(*.twl*) .data.*)
 .data.currentConsole
                0x0000000002044900        0x4 /opt/devkitpro//libnds/lib/libnds9.a(console.o)
                0x0000000002044900                currentConsole
 .data.defaultConsole
                0x0000000002044904       0x5c /opt/devkitpro//libnds/lib/libnds9.a(console.o)
                0x0000000002044904                defaultConsole
 .data.firstConsoleInit.0
                0x0000000002044960        0x1 /opt/devkitpro//libnds/lib/libnds9.a(console.o)
 *fill*         0x0000000002044961        0x3 ff
 .data.oamMain  0x0000000002044964       0x18 /opt/devkitpro//libnds/lib/libnds9.a(sprite.o)
                0x0000000002044964                oamMain
 .data.oamSub   0x000000000204497c       0x18 /opt/devkitpro//libnds/lib/libnds9.a(sprite.o)
                0x000000000204497c                oamSub
 .data.fifo_buffer_free
                0x0000000002044994        0x4 /opt/devkitpro//libnds/lib/libnds9.a(fifosystem.o)
                0x0000000002044994                fifo_buffer_free
 .data.fifo_freewords
                0x0000000002044998        0x4 /opt/devkitpro//libnds/lib/libnds9.a(fifosystem.o)
                0x0000000002044998                fifo_freewords
 .data.fifo_receive_queue
                0x000000000204499c        0x4 /opt/devkitpro//libnds/lib/libnds9.a(fifosystem.o)
                0x000000000204499c                fifo_receive_queue
 .data.fifo_send_queue
                0x00000000020449a0        0x4 /opt/devkitpro//libnds/lib/libnds9.a(fifosystem.o)
                0x00000000020449a0                fifo_send_queue
 .data.bgControl
                0x00000000020449a4       0x20 /opt/devkitpro//libnds/lib/libnds9.a(background.o)
                0x00000000020449a4                bgControl
 .data.bgScrollTable
                0x00000000020449c4       0x20 /opt/devkitpro//libnds/lib/libnds9.a(background.o)
                0x00000000020449c4                bgScrollTable
 .data.bgTransform
                0x00000000020449e4       0x20 /opt/devkitpro//libnds/lib/libnds9.a(background.o)
                0x00000000020449e4                bgTransform
 .data.__malloc_av_
                0x0000000002044a04      0x408 /opt/devkitpro/devkitARM/bin/../lib/gcc/arm-none-eabi/10.2.0/../../../../arm-none-eabi/lib/thumb/libg.a(lib_a-mallocr.o)
                0x0000000002044a04                __malloc_av_
 .data.__malloc_sbrk_base
                0x0000000002044e0c        0x4 /opt/devkitpro/devkitARM/bin/../lib/gcc/arm-none-eabi/10.2.0/../../../../arm-none-eabi/lib/thumb/libg.a(lib_a-mallocr.o)
                0x0000000002044e0c                __malloc_sbrk_base
 .data.__malloc_trim_threshold
                0x0000000002044e10        0x4 /opt/devkitpro/devkitARM/bin/../lib/gcc/arm-none-eabi/10.2.0/../../../../arm-none-eabi/lib/thumb/libg.a(lib_a-mallocr.o)
                0x0000000002044e10                __malloc_trim_threshold
 .data.__malloc_recursive_mutex
                0x0000000002044e14        0xc /opt/devkitpro/devkitARM/bin/../lib/gcc/arm-none-eabi/10.2.0/../../../../arm-none-eabi/lib/thumb/libg.a(lib_a-mlock.o)
 .data.__sfp_recursive_mutex
                0x0000000002044e20        0xc /opt/devkitpro/devkitARM/bin/../lib/gcc/arm-none-eabi/10.2.0/../../../../arm-none-eabi/lib/thumb/libg.a(lib_a-findfp.o)
 .data.__sinit_recursive_mutex
                0x0000000002044e2c        0xc /opt/devkitpro/devkitARM/bin/../lib/gcc/arm-none-eabi/10.2.0/../../../../arm-none-eabi/lib/thumb/libg.a(lib_a-findfp.o)
 .data._impure_ptr
                0x0000000002044e38        0x4 /opt/devkitpro/devkitARM/bin/../lib/gcc/arm-none-eabi/10.2.0/../../../../arm-none-eabi/lib/thumb/libg.a(lib_a-impure.o)
                0x0000000002044e38                _impure_ptr
 *fill*         0x0000000002044e3c        0x4 ff
 .data.impure_data
                0x0000000002044e40      0x460 /opt/devkitpro/devkitARM/bin/../lib/gcc/arm-none-eabi/10.2.0/../../../../arm-none-eabi/lib/thumb/libg.a(lib_a-impure.o)
 .data.__global_locale
                0x00000000020452a0      0x16c /opt/devkitpro/devkitARM/bin/../lib/gcc/arm-none-eabi/10.2.0/../../../../arm-none-eabi/lib/thumb/libg.a(lib_a-locale.o)
                0x00000000020452a0                __global_locale
 .data.devoptab_list
                0x000000000204540c       0x8c /opt/devkitpro/devkitARM/bin/../lib/gcc/arm-none-eabi/10.2.0/../../../../arm-none-eabi/lib/thumb/libsysbase.a(iosupport.o)
                0x000000000204540c                devoptab_list
 .data.__hndl_lock
                0x0000000002045498        0x4 /opt/devkitpro/devkitARM/bin/../lib/gcc/arm-none-eabi/10.2.0/../../../../arm-none-eabi/lib/thumb/libsysbase.a(handle_manager.o)
 .data.__stderr_handle
                0x000000000204549c        0xc /opt/devkitpro/devkitARM/bin/../lib/gcc/arm-none-eabi/10.2.0/../../../../arm-none-eabi/lib/thumb/libsysbase.a(handle_manager.o)
 .data.__stdin_handle
                0x00000000020454a8        0xc /opt/devkitpro/devkitARM/bin/../lib/gcc/arm-none-eabi/10.2.0/../../../../arm-none-eabi/lib/thumb/libsysbase.a(handle_manager.o)
 .data.__stdout_handle
                0x00000000020454b4        0xc /opt/devkitpro/devkitARM/bin/../lib/gcc/arm-none-eabi/10.2.0/../../../../arm-none-eabi/lib/thumb/libsysbase.a(handle_manager.o)
 .data.handles  0x00000000020454c0     0x1000 /opt/devkitpro/devkitARM/bin/../lib/gcc/arm-none-eabi/10.2.0/../../../../arm-none-eabi/lib/thumb/libsysbase.a(handle_manager.o)
 *(EXCLUDE_FILE(*.twl*) .gnu.linkonce.d*)
                0x00000000020464c0                . = ALIGN (0x4)
                0x00000000020464c0                __data_end = ABSOLUTE (.)
                0x00000000020464c0                __bss_vma = .

.igot.plt       0x00000000020464c0        0x0
 .igot.plt      0x00000000020464c0        0x0 /opt/devkitpro/devkitARM/bin/../lib/gcc/arm-none-eabi/10.2.0/../../../../arm-none-eabi/lib/thumb/ds_arm9_crt0.o

.dtcm           0x0000000002ff0000        0x0 load address 0x00000000020464c0
                0x00000000020464c0                __dtcm_lma = LOADADDR (.dtcm)
                0x0000000002ff0000                __dtcm_start = ABSOLUTE (.)
 *(.dtcm)
 *(.dtcm.*)
                0x0000000002ff0000                . = ALIGN (0x4)
                0x0000000002ff0000                __dtcm_end = ABSOLUTE (.)

.itcm           0x0000000001000100      0x194 load address 0x00000000020464c0
                0x00000000020464c0                __itcm_lma = LOADADDR (.itcm)
                0x0000000001000100                __itcm_start = ABSOLUTE (.)
 *(.itcm)
 .itcm          0x0000000001000100       0xc8 /opt/devkitpro//libnds/lib/libnds9.a(interrupts.o)
                0x0000000001000100                irqTable
 .itcm          0x00000000010001c8       0xcc /opt/devkitpro//libnds/lib/libnds9.a(interruptDispatcher.o)
                0x00000000010001c8                IntrMain
 *.itcm*(.text .stub .text.*)
                0x0000000001000294                . = ALIGN (0x4)
                0x0000000001000294                __itcm_end = ABSOLUTE (.)

.vectors        0x0000000001000000        0x0 load address 0x0000000002046654
                0x0000000002046654                __vectors_lma = LOADADDR (.vectors)
                0x0000000001000000                __vectors_start = ABSOLUTE (.)
 *(.vectors .vectors.*)
                0x0000000001000000                . = ALIGN (0x4)
                0x0000000001000000                __vectors_end = ABSOLUTE (.)

.sbss           0x0000000002ff0000        0x0
                0x0000000002ff0000                __sbss_start = ABSOLUTE (.)
                0x0000000002ff0000                __sbss_start__ = ABSOLUTE (.)
 *(.sbss)
                0x0000000002ff0000                . = ALIGN (0x4)
                0x0000000002ff0000                __sbss_end = ABSOLUTE (.)

.bss            0x00000000020464c0     0x14f8
                0x00000000020464c0                __bss_start = ABSOLUTE (.)
                0x00000000020464c0                __bss_start__ = ABSOLUTE (.)
 *(EXCLUDE_FILE(*.twl*) .dynbss)
 *(EXCLUDE_FILE(*.twl*) .gnu.linkonce.b*)
 *(EXCLUDE_FILE(*.twl*) .bss*)
 .bss.completed.1
                0x00000000020464c0        0x1 /opt/devkitpro/devkitARM/bin/../lib/gcc/arm-none-eabi/10.2.0/thumb/crtbegin.o
 *fill*         0x00000000020464c1        0x3 
 .bss.object.0  0x00000000020464c4       0x18 /opt/devkitpro/devkitARM/bin/../lib/gcc/arm-none-eabi/10.2.0/thumb/crtbegin.o
 .bss           0x00000000020464dc       0x54 main.o
                0x00000000020464dc                state
                0x00000000020464e0                puntuacion
                0x00000000020464e4                tiempo_de_juego
                0x00000000020464e8                aliens_muertos
                0x00000000020464ec                tiempo_pasado
                0x00000000020464f0                tc
                0x00000000020464f4                pr
                0x0000000002046524                seg
                0x0000000002046528                pr_act
                0x000000000204652c                velocidad
 .bss           0x0000000002046530        0xc sprites.o
                0x0000000002046530                gfx_laser_cannon
                0x0000000002046534                gfx_crab_alien
                0x0000000002046538                gfx_projectile
 .bss.SDcallback
                0x000000000204653c        0x4 /opt/devkitpro//libnds/lib/libnds9.a(system.o)
 .bss.currentCopy
                0x0000000002046540       0x5c /opt/devkitpro//libnds/lib/libnds9.a(console.o)
                0x0000000002046540                currentCopy
 .bss.OamMemory
                0x000000000204659c      0x400 /opt/devkitpro//libnds/lib/libnds9.a(sprite.o)
                0x000000000204659c                OamMemory
 .bss.OamMemorySub
                0x000000000204699c      0x400 /opt/devkitpro//libnds/lib/libnds9.a(sprite.o)
                0x000000000204699c                OamMemorySub
 .bss.__dsimode
                0x0000000002046d9c        0x1 /opt/devkitpro//libnds/lib/libnds9.a(initSystem.o)
                0x0000000002046d9c                __dsimode
 *fill*         0x0000000002046d9d        0x3 
 .bss.punixTime
                0x0000000002046da0        0x4 /opt/devkitpro//libnds/lib/libnds9.a(timeSupport.o)
                0x0000000002046da0                punixTime
 .bss.fifo_address_data
                0x0000000002046da4       0x40 /opt/devkitpro//libnds/lib/libnds9.a(fifosystem.o)
                0x0000000002046da4                fifo_address_data
 .bss.fifo_address_func
                0x0000000002046de4       0x40 /opt/devkitpro//libnds/lib/libnds9.a(fifosystem.o)
                0x0000000002046de4                fifo_address_func
 .bss.fifo_address_queue
                0x0000000002046e24       0x40 /opt/devkitpro//libnds/lib/libnds9.a(fifosystem.o)
                0x0000000002046e24                fifo_address_queue
 .bss.fifo_buffer
                0x0000000002046e64      0x800 /opt/devkitpro//libnds/lib/libnds9.a(fifosystem.o)
                0x0000000002046e64                fifo_buffer
 .bss.fifo_data_queue
                0x0000000002047664       0x40 /opt/devkitpro//libnds/lib/libnds9.a(fifosystem.o)
                0x0000000002047664                fifo_data_queue
 .bss.fifo_datamsg_data
                0x00000000020476a4       0x40 /opt/devkitpro//libnds/lib/libnds9.a(fifosystem.o)
                0x00000000020476a4                fifo_datamsg_data
 .bss.fifo_datamsg_func
                0x00000000020476e4       0x40 /opt/devkitpro//libnds/lib/libnds9.a(fifosystem.o)
                0x00000000020476e4                fifo_datamsg_func
 .bss.fifo_value32_data
                0x0000000002047724       0x40 /opt/devkitpro//libnds/lib/libnds9.a(fifosystem.o)
                0x0000000002047724                fifo_value32_data
 .bss.fifo_value32_func
                0x0000000002047764       0x40 /opt/devkitpro//libnds/lib/libnds9.a(fifosystem.o)
                0x0000000002047764                fifo_value32_func
 .bss.fifo_value32_queue
                0x00000000020477a4       0x40 /opt/devkitpro//libnds/lib/libnds9.a(fifosystem.o)
                0x00000000020477a4                fifo_value32_queue
 .bss.processing
                0x00000000020477e4        0x4 /opt/devkitpro//libnds/lib/libnds9.a(fifosystem.o)
                0x00000000020477e4                processing
 .bss.bgIsTextLut
                0x00000000020477e8        0x8 /opt/devkitpro//libnds/lib/libnds9.a(background.o)
                0x00000000020477e8                bgIsTextLut
 .bss.bgState   0x00000000020477f0      0x140 /opt/devkitpro//libnds/lib/libnds9.a(background.o)
                0x00000000020477f0                bgState
 .bss.__malloc_current_mallinfo
                0x0000000002047930       0x28 /opt/devkitpro/devkitARM/bin/../lib/gcc/arm-none-eabi/10.2.0/../../../../arm-none-eabi/lib/thumb/libg.a(lib_a-mallocr.o)
                0x0000000002047930                __malloc_current_mallinfo
 .bss.__malloc_max_sbrked_mem
                0x0000000002047958        0x4 /opt/devkitpro/devkitARM/bin/../lib/gcc/arm-none-eabi/10.2.0/../../../../arm-none-eabi/lib/thumb/libg.a(lib_a-mallocr.o)
                0x0000000002047958                __malloc_max_sbrked_mem
 .bss.__malloc_max_total_mem
                0x000000000204795c        0x4 /opt/devkitpro/devkitARM/bin/../lib/gcc/arm-none-eabi/10.2.0/../../../../arm-none-eabi/lib/thumb/libg.a(lib_a-mallocr.o)
                0x000000000204795c                __malloc_max_total_mem
 .bss.__malloc_top_pad
                0x0000000002047960        0x4 /opt/devkitpro/devkitARM/bin/../lib/gcc/arm-none-eabi/10.2.0/../../../../arm-none-eabi/lib/thumb/libg.a(lib_a-mallocr.o)
                0x0000000002047960                __malloc_top_pad
 .bss.heap_start.0
                0x0000000002047964        0x4 /opt/devkitpro/devkitARM/bin/../lib/gcc/arm-none-eabi/10.2.0/../../../../arm-none-eabi/lib/thumb/libsysbase.a(sbrk.o)
 .bss.fake_heap_end
                0x0000000002047968        0x4 /opt/devkitpro/devkitARM/bin/../lib/gcc/arm-none-eabi/10.2.0/../../../../arm-none-eabi/lib/thumb/libsysbase.a(malloc_vars.o)
                0x0000000002047968                fake_heap_end
 .bss.fake_heap_start
                0x000000000204796c        0x4 /opt/devkitpro/devkitARM/bin/../lib/gcc/arm-none-eabi/10.2.0/../../../../arm-none-eabi/lib/thumb/libsysbase.a(malloc_vars.o)
                0x000000000204796c                fake_heap_start
 .bss.__syscalls
                0x0000000002047970       0x48 /opt/devkitpro/devkitARM/bin/../lib/gcc/arm-none-eabi/10.2.0/../../../../arm-none-eabi/lib/thumb/libsysbase.a(syscall_support.o)
                0x0000000002047970                __syscalls
 *(EXCLUDE_FILE(*.twl*) COMMON)
                0x00000000020479b8                . = ALIGN (0x4)
                0x00000000020479b8                __bss_end__ = ABSOLUTE (.)
                0x00000000020479b8                __end__ = ABSOLUTE (.)

.twl            0x00000000020479b8        0x0 load address 0x0000000002400000
                0x0000000002400000                __arm9i_lma__ = LOADADDR (.twl)
                0x00000000020479b8                __arm9i_start__ = ABSOLUTE (.)
 *(.twl)
 *.twl*(.text .stub .text.* .gnu.linkonce.t.*)
 *.twl*(.rodata)
 *.twl*(.roda)
 *.twl*(.rodata.*)
 *.twl*(.data)
 *.twl*(.data.*)
 *.twl*(.gnu.linkonce.d*)
                0x00000000020479b8                __arm9i_end__ = ABSOLUTE (.)

.twl_bss        0x00000000020479b8        0x0
                0x00000000020479b8                __twl_bss_start__ = ABSOLUTE (.)
 *(.twl_bss)
 *.twl*(.dynbss)
 *.twl*(.gnu.linkonce.b*)
 *.twl*(.bss*)
 *.twl*(COMMON)
                0x00000000020479b8                . = ALIGN (0x4)
                0x00000000020479b8                __twl_bss_end__ = ABSOLUTE (.)
                0x00000000020479b8                __twl_end__ = ABSOLUTE (.)

.stab
 *(.stab)

.stabstr
 *(.stabstr)

.stab.excl
 *(.stab.excl)

.stab.exclstr
 *(.stab.exclstr)

.stab.index
 *(.stab.index)

.stab.indexstr
 *(.stab.indexstr)

.comment        0x0000000000000000       0x23
 *(.comment)
 .comment       0x0000000000000000       0x23 /opt/devkitpro/devkitARM/bin/../lib/gcc/arm-none-eabi/10.2.0/thumb/crtbegin.o
                                         0x24 (size before relaxing)
 .comment       0x0000000000000023       0x24 backgrounds.o
 .comment       0x0000000000000023       0x24 controllers.o
 .comment       0x0000000000000023       0x24 game.o
 .comment       0x0000000000000023       0x24 keypad_screen.o
 .comment       0x0000000000000023       0x24 main.o
 .comment       0x0000000000000023       0x24 sprites.o
 .comment       0x0000000000000023       0x24 timers.o
 .comment       0x0000000000000023       0x24 /opt/devkitpro//libnds/lib/libnds9.a(video.o)
 .comment       0x0000000000000023       0x24 /opt/devkitpro//libnds/lib/libnds9.a(touch.o)
 .comment       0x0000000000000023       0x24 /opt/devkitpro//libnds/lib/libnds9.a(sprite_alloc.o)
 .comment       0x0000000000000023       0x24 /opt/devkitpro//libnds/lib/libnds9.a(system.o)
 .comment       0x0000000000000023       0x24 /opt/devkitpro//libnds/lib/libnds9.a(console.o)
 .comment       0x0000000000000023       0x24 /opt/devkitpro//libnds/lib/libnds9.a(sprite.o)
 .comment       0x0000000000000023       0x24 /opt/devkitpro//libnds/lib/libnds9.a(initSystem.o)
 .comment       0x0000000000000023       0x24 /opt/devkitpro//libnds/lib/libnds9.a(timeSupport.o)
 .comment       0x0000000000000023       0x24 /opt/devkitpro//libnds/lib/libnds9.a(securearea.o)
 .comment       0x0000000000000023       0x24 /opt/devkitpro//libnds/lib/libnds9.a(interrupts.o)
 .comment       0x0000000000000023       0x24 /opt/devkitpro//libnds/lib/libnds9.a(libnds_exit.arm.o)
 .comment       0x0000000000000023       0x24 /opt/devkitpro//libnds/lib/libnds9.a(fifosystem.o)
 .comment       0x0000000000000023       0x24 /opt/devkitpro//libnds/lib/libnds9.a(background.o)
 .comment       0x0000000000000023       0x24 /opt/devkitpro//libnds/lib/libnds9.a(trig.o)
 .comment       0x0000000000000023       0x24 /opt/devkitpro/devkitARM/bin/../lib/gcc/arm-none-eabi/10.2.0/../../../../arm-none-eabi/lib/thumb/libg.a(lib_a-init.o)
 .comment       0x0000000000000023       0x24 /opt/devkitpro/devkitARM/bin/../lib/gcc/arm-none-eabi/10.2.0/../../../../arm-none-eabi/lib/thumb/libg.a(lib_a-iprintf.o)
 .comment       0x0000000000000023       0x24 /opt/devkitpro/devkitARM/bin/../lib/gcc/arm-none-eabi/10.2.0/../../../../arm-none-eabi/lib/thumb/libg.a(lib_a-malloc.o)
 .comment       0x0000000000000023       0x24 /opt/devkitpro/devkitARM/bin/../lib/gcc/arm-none-eabi/10.2.0/../../../../arm-none-eabi/lib/thumb/libg.a(lib_a-mallocr.o)
 .comment       0x0000000000000023       0x24 /opt/devkitpro/devkitARM/bin/../lib/gcc/arm-none-eabi/10.2.0/../../../../arm-none-eabi/lib/thumb/libg.a(lib_a-memcpy-stub.o)
 .comment       0x0000000000000023       0x24 /opt/devkitpro/devkitARM/bin/../lib/gcc/arm-none-eabi/10.2.0/../../../../arm-none-eabi/lib/thumb/libg.a(lib_a-memset.o)
 .comment       0x0000000000000023       0x24 /opt/devkitpro/devkitARM/bin/../lib/gcc/arm-none-eabi/10.2.0/../../../../arm-none-eabi/lib/thumb/libg.a(lib_a-mlock.o)
 .comment       0x0000000000000023       0x24 /opt/devkitpro/devkitARM/bin/../lib/gcc/arm-none-eabi/10.2.0/../../../../arm-none-eabi/lib/thumb/libg.a(lib_a-rand.o)
 .comment       0x0000000000000023       0x24 /opt/devkitpro/devkitARM/bin/../lib/gcc/arm-none-eabi/10.2.0/../../../../arm-none-eabi/lib/thumb/libg.a(lib_a-realloc.o)
 .comment       0x0000000000000023       0x24 /opt/devkitpro/devkitARM/bin/../lib/gcc/arm-none-eabi/10.2.0/../../../../arm-none-eabi/lib/thumb/libg.a(lib_a-reallocr.o)
 .comment       0x0000000000000023       0x24 /opt/devkitpro/devkitARM/bin/../lib/gcc/arm-none-eabi/10.2.0/../../../../arm-none-eabi/lib/thumb/libg.a(lib_a-setvbuf.o)
 .comment       0x0000000000000023       0x24 /opt/devkitpro/devkitARM/bin/../lib/gcc/arm-none-eabi/10.2.0/../../../../arm-none-eabi/lib/thumb/libg.a(lib_a-siscanf.o)
 .comment       0x0000000000000023       0x24 /opt/devkitpro/devkitARM/bin/../lib/gcc/arm-none-eabi/10.2.0/../../../../arm-none-eabi/lib/thumb/libg.a(lib_a-stdio.o)
 .comment       0x0000000000000023       0x24 /opt/devkitpro/devkitARM/bin/../lib/gcc/arm-none-eabi/10.2.0/../../../../arm-none-eabi/lib/thumb/libg.a(lib_a-strlen-stub.o)
 .comment       0x0000000000000023       0x24 /opt/devkitpro/devkitARM/bin/../lib/gcc/arm-none-eabi/10.2.0/../../../../arm-none-eabi/lib/thumb/libg.a(lib_a-svfiscanf.o)
 .comment       0x0000000000000023       0x24 /opt/devkitpro/devkitARM/bin/../lib/gcc/arm-none-eabi/10.2.0/../../../../arm-none-eabi/lib/thumb/libg.a(lib_a-time.o)
 .comment       0x0000000000000023       0x24 /opt/devkitpro/devkitARM/bin/../lib/gcc/arm-none-eabi/10.2.0/../../../../arm-none-eabi/lib/thumb/libg.a(lib_a-ungetc.o)
 .comment       0x0000000000000023       0x24 /opt/devkitpro/devkitARM/bin/../lib/gcc/arm-none-eabi/10.2.0/../../../../arm-none-eabi/lib/thumb/libg.a(lib_a-vfiprintf.o)
 .comment       0x0000000000000023       0x24 /opt/devkitpro/devkitARM/bin/../lib/gcc/arm-none-eabi/10.2.0/../../../../arm-none-eabi/lib/thumb/libg.a(lib_a-wcrtomb.o)
 .comment       0x0000000000000023       0x24 /opt/devkitpro/devkitARM/bin/../lib/gcc/arm-none-eabi/10.2.0/../../../../arm-none-eabi/lib/thumb/libg.a(lib_a-wcsrtombs.o)
 .comment       0x0000000000000023       0x24 /opt/devkitpro/devkitARM/bin/../lib/gcc/arm-none-eabi/10.2.0/../../../../arm-none-eabi/lib/thumb/libg.a(lib_a-wsetup.o)
 .comment       0x0000000000000023       0x24 /opt/devkitpro/devkitARM/bin/../lib/gcc/arm-none-eabi/10.2.0/../../../../arm-none-eabi/lib/thumb/libg.a(lib_a-ctype_.o)
 .comment       0x0000000000000023       0x24 /opt/devkitpro/devkitARM/bin/../lib/gcc/arm-none-eabi/10.2.0/../../../../arm-none-eabi/lib/thumb/libg.a(lib_a-fflush.o)
 .comment       0x0000000000000023       0x24 /opt/devkitpro/devkitARM/bin/../lib/gcc/arm-none-eabi/10.2.0/../../../../arm-none-eabi/lib/thumb/libg.a(lib_a-findfp.o)
 .comment       0x0000000000000023       0x24 /opt/devkitpro/devkitARM/bin/../lib/gcc/arm-none-eabi/10.2.0/../../../../arm-none-eabi/lib/thumb/libg.a(lib_a-freer.o)
 .comment       0x0000000000000023       0x24 /opt/devkitpro/devkitARM/bin/../lib/gcc/arm-none-eabi/10.2.0/../../../../arm-none-eabi/lib/thumb/libg.a(lib_a-fvwrite.o)
 .comment       0x0000000000000023       0x24 /opt/devkitpro/devkitARM/bin/../lib/gcc/arm-none-eabi/10.2.0/../../../../arm-none-eabi/lib/thumb/libg.a(lib_a-fwalk.o)
 .comment       0x0000000000000023       0x24 /opt/devkitpro/devkitARM/bin/../lib/gcc/arm-none-eabi/10.2.0/../../../../arm-none-eabi/lib/thumb/libg.a(lib_a-impure.o)
 .comment       0x0000000000000023       0x24 /opt/devkitpro/devkitARM/bin/../lib/gcc/arm-none-eabi/10.2.0/../../../../arm-none-eabi/lib/thumb/libg.a(lib_a-iswspace.o)
 .comment       0x0000000000000023       0x24 /opt/devkitpro/devkitARM/bin/../lib/gcc/arm-none-eabi/10.2.0/../../../../arm-none-eabi/lib/thumb/libg.a(lib_a-localeconv.o)
 .comment       0x0000000000000023       0x24 /opt/devkitpro/devkitARM/bin/../lib/gcc/arm-none-eabi/10.2.0/../../../../arm-none-eabi/lib/thumb/libg.a(lib_a-locale.o)
 .comment       0x0000000000000023       0x24 /opt/devkitpro/devkitARM/bin/../lib/gcc/arm-none-eabi/10.2.0/../../../../arm-none-eabi/lib/thumb/libg.a(lib_a-makebuf.o)
 .comment       0x0000000000000023       0x24 /opt/devkitpro/devkitARM/bin/../lib/gcc/arm-none-eabi/10.2.0/../../../../arm-none-eabi/lib/thumb/libg.a(lib_a-mbrtowc.o)
 .comment       0x0000000000000023       0x24 /opt/devkitpro/devkitARM/bin/../lib/gcc/arm-none-eabi/10.2.0/../../../../arm-none-eabi/lib/thumb/libg.a(lib_a-mbtowc_r.o)
 .comment       0x0000000000000023       0x24 /opt/devkitpro/devkitARM/bin/../lib/gcc/arm-none-eabi/10.2.0/../../../../arm-none-eabi/lib/thumb/libg.a(lib_a-memchr-stub.o)
 .comment       0x0000000000000023       0x24 /opt/devkitpro/devkitARM/bin/../lib/gcc/arm-none-eabi/10.2.0/../../../../arm-none-eabi/lib/thumb/libg.a(lib_a-memmove.o)
 .comment       0x0000000000000023       0x24 /opt/devkitpro/devkitARM/bin/../lib/gcc/arm-none-eabi/10.2.0/../../../../arm-none-eabi/lib/thumb/libg.a(lib_a-sccl.o)
 .comment       0x0000000000000023       0x24 /opt/devkitpro/devkitARM/bin/../lib/gcc/arm-none-eabi/10.2.0/../../../../arm-none-eabi/lib/thumb/libg.a(lib_a-strncpy.o)
 .comment       0x0000000000000023       0x24 /opt/devkitpro/devkitARM/bin/../lib/gcc/arm-none-eabi/10.2.0/../../../../arm-none-eabi/lib/thumb/libg.a(lib_a-strtoll.o)
 .comment       0x0000000000000023       0x24 /opt/devkitpro/devkitARM/bin/../lib/gcc/arm-none-eabi/10.2.0/../../../../arm-none-eabi/lib/thumb/libg.a(lib_a-strtol.o)
 .comment       0x0000000000000023       0x24 /opt/devkitpro/devkitARM/bin/../lib/gcc/arm-none-eabi/10.2.0/../../../../arm-none-eabi/lib/thumb/libg.a(lib_a-strtoull.o)
 .comment       0x0000000000000023       0x24 /opt/devkitpro/devkitARM/bin/../lib/gcc/arm-none-eabi/10.2.0/../../../../arm-none-eabi/lib/thumb/libg.a(lib_a-strtoul.o)
 .comment       0x0000000000000023       0x24 /opt/devkitpro/devkitARM/bin/../lib/gcc/arm-none-eabi/10.2.0/../../../../arm-none-eabi/lib/thumb/libg.a(lib_a-svfiprintf.o)
 .comment       0x0000000000000023       0x24 /opt/devkitpro/devkitARM/bin/../lib/gcc/arm-none-eabi/10.2.0/../../../../arm-none-eabi/lib/thumb/libg.a(lib_a-wcsnrtombs.o)
 .comment       0x0000000000000023       0x24 /opt/devkitpro/devkitARM/bin/../lib/gcc/arm-none-eabi/10.2.0/../../../../arm-none-eabi/lib/thumb/libg.a(lib_a-wctomb_r.o)
 .comment       0x0000000000000023       0x24 /opt/devkitpro/devkitARM/bin/../lib/gcc/arm-none-eabi/10.2.0/../../../../arm-none-eabi/lib/thumb/libg.a(lib_a-errno.o)
 .comment       0x0000000000000023       0x24 /opt/devkitpro/devkitARM/bin/../lib/gcc/arm-none-eabi/10.2.0/../../../../arm-none-eabi/lib/thumb/libg.a(lib_a-fclose.o)
 .comment       0x0000000000000023       0x24 /opt/devkitpro/devkitARM/bin/../lib/gcc/arm-none-eabi/10.2.0/../../../../arm-none-eabi/lib/thumb/libg.a(lib_a-iswspace_l.o)
 .comment       0x0000000000000023       0x24 /opt/devkitpro/devkitARM/bin/../lib/gcc/arm-none-eabi/10.2.0/../../../../arm-none-eabi/lib/thumb/libg.a(lib_a-jp2uc.o)
 .comment       0x0000000000000023       0x24 /opt/devkitpro/devkitARM/bin/../lib/gcc/arm-none-eabi/10.2.0/../../../../arm-none-eabi/lib/thumb/libg.a(lib_a-categories.o)
 .comment       0x0000000000000023       0x24 /opt/devkitpro/devkitARM/bin/../lib/gcc/arm-none-eabi/10.2.0/../../../../arm-none-eabi/lib/thumb/libsysbase.a(iosupport.o)
 .comment       0x0000000000000023       0x24 /opt/devkitpro/devkitARM/bin/../lib/gcc/arm-none-eabi/10.2.0/../../../../arm-none-eabi/lib/thumb/libsysbase.a(fstat.o)
 .comment       0x0000000000000023       0x24 /opt/devkitpro/devkitARM/bin/../lib/gcc/arm-none-eabi/10.2.0/../../../../arm-none-eabi/lib/thumb/libsysbase.a(gettod.o)
 .comment       0x0000000000000023       0x24 /opt/devkitpro/devkitARM/bin/../lib/gcc/arm-none-eabi/10.2.0/../../../../arm-none-eabi/lib/thumb/libsysbase.a(isatty.o)
 .comment       0x0000000000000023       0x24 /opt/devkitpro/devkitARM/bin/../lib/gcc/arm-none-eabi/10.2.0/../../../../arm-none-eabi/lib/thumb/libsysbase.a(lseek.o)
 .comment       0x0000000000000023       0x24 /opt/devkitpro/devkitARM/bin/../lib/gcc/arm-none-eabi/10.2.0/../../../../arm-none-eabi/lib/thumb/libsysbase.a(read.o)
 .comment       0x0000000000000023       0x24 /opt/devkitpro/devkitARM/bin/../lib/gcc/arm-none-eabi/10.2.0/../../../../arm-none-eabi/lib/thumb/libsysbase.a(sbrk.o)
 .comment       0x0000000000000023       0x24 /opt/devkitpro/devkitARM/bin/../lib/gcc/arm-none-eabi/10.2.0/../../../../arm-none-eabi/lib/thumb/libsysbase.a(write.o)
 .comment       0x0000000000000023       0x24 /opt/devkitpro/devkitARM/bin/../lib/gcc/arm-none-eabi/10.2.0/../../../../arm-none-eabi/lib/thumb/libsysbase.a(malloc_vars.o)
 .comment       0x0000000000000023       0x24 /opt/devkitpro/devkitARM/bin/../lib/gcc/arm-none-eabi/10.2.0/../../../../arm-none-eabi/lib/thumb/libsysbase.a(build_argv.o)
 .comment       0x0000000000000023       0x24 /opt/devkitpro/devkitARM/bin/../lib/gcc/arm-none-eabi/10.2.0/../../../../arm-none-eabi/lib/thumb/libsysbase.a(flock.o)
 .comment       0x0000000000000023       0x24 /opt/devkitpro/devkitARM/bin/../lib/gcc/arm-none-eabi/10.2.0/../../../../arm-none-eabi/lib/thumb/libsysbase.a(syscall_support.o)
 .comment       0x0000000000000023       0x24 /opt/devkitpro/devkitARM/bin/../lib/gcc/arm-none-eabi/10.2.0/../../../../arm-none-eabi/lib/thumb/libsysbase.a(handle_manager.o)
 .comment       0x0000000000000023       0x24 /opt/devkitpro/devkitARM/bin/../lib/gcc/arm-none-eabi/10.2.0/../../../../arm-none-eabi/lib/thumb/libsysbase.a(getreent.o)
 .comment       0x0000000000000023       0x24 /opt/devkitpro/devkitARM/bin/../lib/gcc/arm-none-eabi/10.2.0/thumb/libgcc.a(_muldi3.o)
 .comment       0x0000000000000023       0x24 /opt/devkitpro/devkitARM/bin/../lib/gcc/arm-none-eabi/10.2.0/thumb/libgcc.a(_udivmoddi4.o)
 .comment       0x0000000000000023       0x24 /opt/devkitpro/devkitARM/bin/../lib/gcc/arm-none-eabi/10.2.0/thumb/crtend.o

.ARM.attributes
                0x0000000000000000       0x2d
 .ARM.attributes
                0x0000000000000000       0x21 /opt/devkitpro/devkitARM/bin/../lib/gcc/arm-none-eabi/10.2.0/../../../../arm-none-eabi/lib/thumb/ds_arm9_crt0.o
 .ARM.attributes
                0x0000000000000021       0x1c /opt/devkitpro/devkitARM/bin/../lib/gcc/arm-none-eabi/10.2.0/thumb/crti.o
 .ARM.attributes
                0x000000000000003d       0x2a /opt/devkitpro/devkitARM/bin/../lib/gcc/arm-none-eabi/10.2.0/thumb/crtbegin.o
 .ARM.attributes
                0x0000000000000067       0x1a back01.o
 .ARM.attributes
                0x0000000000000081       0x1a back02.o
 .ARM.attributes
                0x000000000000009b       0x27 backgrounds.o
 .ARM.attributes
                0x00000000000000c2       0x27 controllers.o
 .ARM.attributes
                0x00000000000000e9       0x27 game.o
 .ARM.attributes
                0x0000000000000110       0x27 keypad_screen.o
 .ARM.attributes
                0x0000000000000137       0x27 main.o
 .ARM.attributes
                0x000000000000015e       0x27 sprites.o
 .ARM.attributes
                0x0000000000000185       0x27 timers.o
 .ARM.attributes
                0x00000000000001ac       0x2b /opt/devkitpro//libnds/lib/libnds9.a(video.o)
 .ARM.attributes
                0x00000000000001d7       0x2b /opt/devkitpro//libnds/lib/libnds9.a(touch.o)
 .ARM.attributes
                0x0000000000000202       0x2b /opt/devkitpro//libnds/lib/libnds9.a(sprite_alloc.o)
 .ARM.attributes
                0x000000000000022d       0x2b /opt/devkitpro//libnds/lib/libnds9.a(system.o)
 .ARM.attributes
                0x0000000000000258       0x2b /opt/devkitpro//libnds/lib/libnds9.a(console.o)
 .ARM.attributes
                0x0000000000000283       0x2b /opt/devkitpro//libnds/lib/libnds9.a(sprite.o)
 .ARM.attributes
                0x00000000000002ae       0x2b /opt/devkitpro//libnds/lib/libnds9.a(initSystem.o)
 .ARM.attributes
                0x00000000000002d9       0x2b /opt/devkitpro//libnds/lib/libnds9.a(timeSupport.o)
 .ARM.attributes
                0x0000000000000304       0x2b /opt/devkitpro//libnds/lib/libnds9.a(securearea.o)
 .ARM.attributes
                0x000000000000032f       0x2b /opt/devkitpro//libnds/lib/libnds9.a(interrupts.o)
 .ARM.attributes
                0x000000000000035a       0x2b /opt/devkitpro//libnds/lib/libnds9.a(libnds_exit.arm.o)
 .ARM.attributes
                0x0000000000000385       0x2b /opt/devkitpro//libnds/lib/libnds9.a(fifosystem.o)
 .ARM.attributes
                0x00000000000003b0       0x1b /opt/devkitpro//libnds/lib/libnds9.a(dcache.o)
 .ARM.attributes
                0x00000000000003cb       0x21 /opt/devkitpro//libnds/lib/libnds9.a(mpu_setup.o)
 .ARM.attributes
                0x00000000000003ec       0x21 /opt/devkitpro//libnds/lib/libnds9.a(IntrWait.o)
 .ARM.attributes
                0x000000000000040d       0x21 /opt/devkitpro//libnds/lib/libnds9.a(cpu_clock.o)
 .ARM.attributes
                0x000000000000042e       0x1b /opt/devkitpro//libnds/lib/libnds9.a(interruptDispatcher.o)
 .ARM.attributes
                0x0000000000000449       0x21 /opt/devkitpro//libnds/lib/libnds9.a(swiSoftReset.o)
 .ARM.attributes
                0x000000000000046a       0x1b /opt/devkitpro//libnds/lib/libnds9.a(biosCalls.o)
 .ARM.attributes
                0x0000000000000485       0x14 /opt/devkitpro//libnds/lib/libnds9.a(default_font.bin.o)
 .ARM.attributes
                0x0000000000000499       0x2b /opt/devkitpro//libnds/lib/libnds9.a(background.o)
 .ARM.attributes
                0x00000000000004c4       0x2b /opt/devkitpro//libnds/lib/libnds9.a(trig.o)
 .ARM.attributes
                0x00000000000004ef       0x1c /opt/devkitpro/devkitARM/bin/../lib/gcc/arm-none-eabi/10.2.0/thumb/libgcc.a(_divsi3.o)
 .ARM.attributes
                0x000000000000050b       0x1c /opt/devkitpro/devkitARM/bin/../lib/gcc/arm-none-eabi/10.2.0/thumb/libgcc.a(_dvmd_tls.o)
 .ARM.attributes
                0x0000000000000527       0x2a /opt/devkitpro/devkitARM/bin/../lib/gcc/arm-none-eabi/10.2.0/../../../../arm-none-eabi/lib/thumb/libg.a(lib_a-init.o)
 .ARM.attributes
                0x0000000000000551       0x2a /opt/devkitpro/devkitARM/bin/../lib/gcc/arm-none-eabi/10.2.0/../../../../arm-none-eabi/lib/thumb/libg.a(lib_a-iprintf.o)
 .ARM.attributes
                0x000000000000057b       0x2a /opt/devkitpro/devkitARM/bin/../lib/gcc/arm-none-eabi/10.2.0/../../../../arm-none-eabi/lib/thumb/libg.a(lib_a-malloc.o)
 .ARM.attributes
                0x00000000000005a5       0x2a /opt/devkitpro/devkitARM/bin/../lib/gcc/arm-none-eabi/10.2.0/../../../../arm-none-eabi/lib/thumb/libg.a(lib_a-mallocr.o)
 .ARM.attributes
                0x00000000000005cf       0x2a /opt/devkitpro/devkitARM/bin/../lib/gcc/arm-none-eabi/10.2.0/../../../../arm-none-eabi/lib/thumb/libg.a(lib_a-memcpy-stub.o)
 .ARM.attributes
                0x00000000000005f9       0x2a /opt/devkitpro/devkitARM/bin/../lib/gcc/arm-none-eabi/10.2.0/../../../../arm-none-eabi/lib/thumb/libg.a(lib_a-memset.o)
 .ARM.attributes
                0x0000000000000623       0x2a /opt/devkitpro/devkitARM/bin/../lib/gcc/arm-none-eabi/10.2.0/../../../../arm-none-eabi/lib/thumb/libg.a(lib_a-mlock.o)
 .ARM.attributes
                0x000000000000064d       0x2a /opt/devkitpro/devkitARM/bin/../lib/gcc/arm-none-eabi/10.2.0/../../../../arm-none-eabi/lib/thumb/libg.a(lib_a-rand.o)
 .ARM.attributes
                0x0000000000000677       0x2a /opt/devkitpro/devkitARM/bin/../lib/gcc/arm-none-eabi/10.2.0/../../../../arm-none-eabi/lib/thumb/libg.a(lib_a-realloc.o)
 .ARM.attributes
                0x00000000000006a1       0x2a /opt/devkitpro/devkitARM/bin/../lib/gcc/arm-none-eabi/10.2.0/../../../../arm-none-eabi/lib/thumb/libg.a(lib_a-reallocr.o)
 .ARM.attributes
                0x00000000000006cb       0x2a /opt/devkitpro/devkitARM/bin/../lib/gcc/arm-none-eabi/10.2.0/../../../../arm-none-eabi/lib/thumb/libg.a(lib_a-setvbuf.o)
 .ARM.attributes
                0x00000000000006f5       0x2a /opt/devkitpro/devkitARM/bin/../lib/gcc/arm-none-eabi/10.2.0/../../../../arm-none-eabi/lib/thumb/libg.a(lib_a-siscanf.o)
 .ARM.attributes
                0x000000000000071f       0x2a /opt/devkitpro/devkitARM/bin/../lib/gcc/arm-none-eabi/10.2.0/../../../../arm-none-eabi/lib/thumb/libg.a(lib_a-stdio.o)
 .ARM.attributes
                0x0000000000000749       0x2a /opt/devkitpro/devkitARM/bin/../lib/gcc/arm-none-eabi/10.2.0/../../../../arm-none-eabi/lib/thumb/libg.a(lib_a-strlen-stub.o)
 .ARM.attributes
                0x0000000000000773       0x2a /opt/devkitpro/devkitARM/bin/../lib/gcc/arm-none-eabi/10.2.0/../../../../arm-none-eabi/lib/thumb/libg.a(lib_a-svfiscanf.o)
 .ARM.attributes
                0x000000000000079d       0x2a /opt/devkitpro/devkitARM/bin/../lib/gcc/arm-none-eabi/10.2.0/../../../../arm-none-eabi/lib/thumb/libg.a(lib_a-time.o)
 .ARM.attributes
                0x00000000000007c7       0x2a /opt/devkitpro/devkitARM/bin/../lib/gcc/arm-none-eabi/10.2.0/../../../../arm-none-eabi/lib/thumb/libg.a(lib_a-ungetc.o)
 .ARM.attributes
                0x00000000000007f1       0x2a /opt/devkitpro/devkitARM/bin/../lib/gcc/arm-none-eabi/10.2.0/../../../../arm-none-eabi/lib/thumb/libg.a(lib_a-vfiprintf.o)
 .ARM.attributes
                0x000000000000081b       0x2a /opt/devkitpro/devkitARM/bin/../lib/gcc/arm-none-eabi/10.2.0/../../../../arm-none-eabi/lib/thumb/libg.a(lib_a-wcrtomb.o)
 .ARM.attributes
                0x0000000000000845       0x2a /opt/devkitpro/devkitARM/bin/../lib/gcc/arm-none-eabi/10.2.0/../../../../arm-none-eabi/lib/thumb/libg.a(lib_a-wcsrtombs.o)
 .ARM.attributes
                0x000000000000086f       0x2a /opt/devkitpro/devkitARM/bin/../lib/gcc/arm-none-eabi/10.2.0/../../../../arm-none-eabi/lib/thumb/libg.a(lib_a-wsetup.o)
 .ARM.attributes
                0x0000000000000899       0x2a /opt/devkitpro/devkitARM/bin/../lib/gcc/arm-none-eabi/10.2.0/../../../../arm-none-eabi/lib/thumb/libg.a(lib_a-ctype_.o)
 .ARM.attributes
                0x00000000000008c3       0x2a /opt/devkitpro/devkitARM/bin/../lib/gcc/arm-none-eabi/10.2.0/../../../../arm-none-eabi/lib/thumb/libg.a(lib_a-fflush.o)
 .ARM.attributes
                0x00000000000008ed       0x2a /opt/devkitpro/devkitARM/bin/../lib/gcc/arm-none-eabi/10.2.0/../../../../arm-none-eabi/lib/thumb/libg.a(lib_a-findfp.o)
 .ARM.attributes
                0x0000000000000917       0x2a /opt/devkitpro/devkitARM/bin/../lib/gcc/arm-none-eabi/10.2.0/../../../../arm-none-eabi/lib/thumb/libg.a(lib_a-freer.o)
 .ARM.attributes
                0x0000000000000941       0x2a /opt/devkitpro/devkitARM/bin/../lib/gcc/arm-none-eabi/10.2.0/../../../../arm-none-eabi/lib/thumb/libg.a(lib_a-fvwrite.o)
 .ARM.attributes
                0x000000000000096b       0x2a /opt/devkitpro/devkitARM/bin/../lib/gcc/arm-none-eabi/10.2.0/../../../../arm-none-eabi/lib/thumb/libg.a(lib_a-fwalk.o)
 .ARM.attributes
                0x0000000000000995       0x30 /opt/devkitpro/devkitARM/bin/../lib/gcc/arm-none-eabi/10.2.0/../../../../arm-none-eabi/lib/thumb/libg.a(lib_a-impure.o)
 .ARM.attributes
                0x00000000000009c5       0x2a /opt/devkitpro/devkitARM/bin/../lib/gcc/arm-none-eabi/10.2.0/../../../../arm-none-eabi/lib/thumb/libg.a(lib_a-iswspace.o)
 .ARM.attributes
                0x00000000000009ef       0x2a /opt/devkitpro/devkitARM/bin/../lib/gcc/arm-none-eabi/10.2.0/../../../../arm-none-eabi/lib/thumb/libg.a(lib_a-localeconv.o)
 .ARM.attributes
                0x0000000000000a19       0x2a /opt/devkitpro/devkitARM/bin/../lib/gcc/arm-none-eabi/10.2.0/../../../../arm-none-eabi/lib/thumb/libg.a(lib_a-locale.o)
 .ARM.attributes
                0x0000000000000a43       0x2a /opt/devkitpro/devkitARM/bin/../lib/gcc/arm-none-eabi/10.2.0/../../../../arm-none-eabi/lib/thumb/libg.a(lib_a-makebuf.o)
 .ARM.attributes
                0x0000000000000a6d       0x2a /opt/devkitpro/devkitARM/bin/../lib/gcc/arm-none-eabi/10.2.0/../../../../arm-none-eabi/lib/thumb/libg.a(lib_a-mbrtowc.o)
 .ARM.attributes
                0x0000000000000a97       0x2a /opt/devkitpro/devkitARM/bin/../lib/gcc/arm-none-eabi/10.2.0/../../../../arm-none-eabi/lib/thumb/libg.a(lib_a-mbtowc_r.o)
 .ARM.attributes
                0x0000000000000ac1       0x2a /opt/devkitpro/devkitARM/bin/../lib/gcc/arm-none-eabi/10.2.0/../../../../arm-none-eabi/lib/thumb/libg.a(lib_a-memchr-stub.o)
 .ARM.attributes
                0x0000000000000aeb       0x2a /opt/devkitpro/devkitARM/bin/../lib/gcc/arm-none-eabi/10.2.0/../../../../arm-none-eabi/lib/thumb/libg.a(lib_a-memmove.o)
 .ARM.attributes
                0x0000000000000b15       0x2a /opt/devkitpro/devkitARM/bin/../lib/gcc/arm-none-eabi/10.2.0/../../../../arm-none-eabi/lib/thumb/libg.a(lib_a-sccl.o)
 .ARM.attributes
                0x0000000000000b3f       0x1a /opt/devkitpro/devkitARM/bin/../lib/gcc/arm-none-eabi/10.2.0/../../../../arm-none-eabi/lib/thumb/libg.a(lib_a-strcmp.o)
 .ARM.attributes
                0x0000000000000b59       0x2a /opt/devkitpro/devkitARM/bin/../lib/gcc/arm-none-eabi/10.2.0/../../../../arm-none-eabi/lib/thumb/libg.a(lib_a-strncpy.o)
 .ARM.attributes
                0x0000000000000b83       0x2a /opt/devkitpro/devkitARM/bin/../lib/gcc/arm-none-eabi/10.2.0/../../../../arm-none-eabi/lib/thumb/libg.a(lib_a-strtoll.o)
 .ARM.attributes
                0x0000000000000bad       0x2a /opt/devkitpro/devkitARM/bin/../lib/gcc/arm-none-eabi/10.2.0/../../../../arm-none-eabi/lib/thumb/libg.a(lib_a-strtol.o)
 .ARM.attributes
                0x0000000000000bd7       0x2a /opt/devkitpro/devkitARM/bin/../lib/gcc/arm-none-eabi/10.2.0/../../../../arm-none-eabi/lib/thumb/libg.a(lib_a-strtoull.o)
 .ARM.attributes
                0x0000000000000c01       0x2a /opt/devkitpro/devkitARM/bin/../lib/gcc/arm-none-eabi/10.2.0/../../../../arm-none-eabi/lib/thumb/libg.a(lib_a-strtoul.o)
 .ARM.attributes
                0x0000000000000c2b       0x2a /opt/devkitpro/devkitARM/bin/../lib/gcc/arm-none-eabi/10.2.0/../../../../arm-none-eabi/lib/thumb/libg.a(lib_a-svfiprintf.o)
 .ARM.attributes
                0x0000000000000c55       0x2a /opt/devkitpro/devkitARM/bin/../lib/gcc/arm-none-eabi/10.2.0/../../../../arm-none-eabi/lib/thumb/libg.a(lib_a-wcsnrtombs.o)
 .ARM.attributes
                0x0000000000000c7f       0x2a /opt/devkitpro/devkitARM/bin/../lib/gcc/arm-none-eabi/10.2.0/../../../../arm-none-eabi/lib/thumb/libg.a(lib_a-wctomb_r.o)
 .ARM.attributes
                0x0000000000000ca9       0x2a /opt/devkitpro/devkitARM/bin/../lib/gcc/arm-none-eabi/10.2.0/../../../../arm-none-eabi/lib/thumb/libg.a(lib_a-errno.o)
 .ARM.attributes
                0x0000000000000cd3       0x2a /opt/devkitpro/devkitARM/bin/../lib/gcc/arm-none-eabi/10.2.0/../../../../arm-none-eabi/lib/thumb/libg.a(lib_a-fclose.o)
 .ARM.attributes
                0x0000000000000cfd       0x2a /opt/devkitpro/devkitARM/bin/../lib/gcc/arm-none-eabi/10.2.0/../../../../arm-none-eabi/lib/thumb/libg.a(lib_a-iswspace_l.o)
 .ARM.attributes
                0x0000000000000d27       0x2a /opt/devkitpro/devkitARM/bin/../lib/gcc/arm-none-eabi/10.2.0/../../../../arm-none-eabi/lib/thumb/libg.a(lib_a-jp2uc.o)
 .ARM.attributes
                0x0000000000000d51       0x2a /opt/devkitpro/devkitARM/bin/../lib/gcc/arm-none-eabi/10.2.0/../../../../arm-none-eabi/lib/thumb/libg.a(lib_a-categories.o)
 .ARM.attributes
                0x0000000000000d7b       0x2a /opt/devkitpro/devkitARM/bin/../lib/gcc/arm-none-eabi/10.2.0/../../../../arm-none-eabi/lib/thumb/libsysbase.a(iosupport.o)
 .ARM.attributes
                0x0000000000000da5       0x2a /opt/devkitpro/devkitARM/bin/../lib/gcc/arm-none-eabi/10.2.0/../../../../arm-none-eabi/lib/thumb/libsysbase.a(fstat.o)
 .ARM.attributes
                0x0000000000000dcf       0x2a /opt/devkitpro/devkitARM/bin/../lib/gcc/arm-none-eabi/10.2.0/../../../../arm-none-eabi/lib/thumb/libsysbase.a(gettod.o)
 .ARM.attributes
                0x0000000000000df9       0x2a /opt/devkitpro/devkitARM/bin/../lib/gcc/arm-none-eabi/10.2.0/../../../../arm-none-eabi/lib/thumb/libsysbase.a(isatty.o)
 .ARM.attributes
                0x0000000000000e23       0x2a /opt/devkitpro/devkitARM/bin/../lib/gcc/arm-none-eabi/10.2.0/../../../../arm-none-eabi/lib/thumb/libsysbase.a(lseek.o)
 .ARM.attributes
                0x0000000000000e4d       0x2a /opt/devkitpro/devkitARM/bin/../lib/gcc/arm-none-eabi/10.2.0/../../../../arm-none-eabi/lib/thumb/libsysbase.a(read.o)
 .ARM.attributes
                0x0000000000000e77       0x2a /opt/devkitpro/devkitARM/bin/../lib/gcc/arm-none-eabi/10.2.0/../../../../arm-none-eabi/lib/thumb/libsysbase.a(sbrk.o)
 .ARM.attributes
                0x0000000000000ea1       0x2a /opt/devkitpro/devkitARM/bin/../lib/gcc/arm-none-eabi/10.2.0/../../../../arm-none-eabi/lib/thumb/libsysbase.a(write.o)
 .ARM.attributes
                0x0000000000000ecb       0x30 /opt/devkitpro/devkitARM/bin/../lib/gcc/arm-none-eabi/10.2.0/../../../../arm-none-eabi/lib/thumb/libsysbase.a(malloc_vars.o)
 .ARM.attributes
                0x0000000000000efb       0x2a /opt/devkitpro/devkitARM/bin/../lib/gcc/arm-none-eabi/10.2.0/../../../../arm-none-eabi/lib/thumb/libsysbase.a(build_argv.o)
 .ARM.attributes